Oct 11 05:53:31 vismaily kernel: klogd 1.5.1, log source = /proc/kmsg started.
Oct 11 05:53:31 vismaily kernel: Cannot find map file.
Oct 11 05:53:31 vismaily kernel: Loaded 171726 symbols from 9 modules.
Oct 11 05:53:31 vismaily kernel: [    0.000000] Linux version 6.6.0-rc4-00029-gcbf3a2cb156a (root@nenieiri) (gcc (GCC) 13.2.0, GNU ld (GNU Binutils) 2.41) #2 SMP PREEMPT_DYNAMIC Tue Oct 10 22:05:08 +04 2023
Oct 11 05:53:31 vismaily kernel: [    0.000000] Command line: BOOT_IMAGE=/vmlinuz-6.6.0-vismaily root=/dev/nvme0n1p8 ro
Oct 11 05:53:31 vismaily kernel: [    0.000000] x86/split lock detection: #AC: crashing the kernel on kernel split_locks and warning on user-space split_locks
Oct 11 05:53:31 vismaily kernel: [    0.000000] BIOS-provided physical RAM map:
Oct 11 05:53:31 vismaily kernel: [    0.000000] BIOS-e820: [mem 0x0000000000000000-0x000000000009efff] usable
Oct 11 05:53:31 vismaily kernel: [    0.000000] BIOS-e820: [mem 0x000000000009f000-0x00000000000fffff] reserved
Oct 11 05:53:31 vismaily kernel: [    0.000000] BIOS-e820: [mem 0x0000000000100000-0x000000008cbf3fff] usable
Oct 11 05:53:31 vismaily kernel: [    0.000000] BIOS-e820: [mem 0x000000008cbf4000-0x000000009232efff] reserved
Oct 11 05:53:31 vismaily kernel: [    0.000000] BIOS-e820: [mem 0x000000009232f000-0x0000000092f2efff] ACPI NVS
Oct 11 05:53:31 vismaily kernel: [    0.000000] BIOS-e820: [mem 0x0000000092f2f000-0x0000000092ffefff] ACPI data
Oct 11 05:53:31 vismaily kernel: [    0.000000] BIOS-e820: [mem 0x0000000092fff000-0x0000000092ffffff] usable
Oct 11 05:53:31 vismaily kernel: [    0.000000] BIOS-e820: [mem 0x0000000093000000-0x0000000096ffffff] reserved
Oct 11 05:53:31 vismaily kernel: [    0.000000] BIOS-e820: [mem 0x0000000097a00000-0x0000000097bfffff] reserved
Oct 11 05:53:31 vismaily kernel: [    0.000000] BIOS-e820: [mem 0x0000000098400000-0x00000000a07fffff] reserved
Oct 11 05:53:31 vismaily kernel: [    0.000000] BIOS-e820: [mem 0x00000000c0000000-0x00000000cfffffff] reserved
Oct 11 05:53:31 vismaily kernel: [    0.000000] BIOS-e820: [mem 0x00000000fed20000-0x00000000fed7ffff] reserved
Oct 11 05:53:31 vismaily kernel: [    0.000000] BIOS-e820: [mem 0x0000000100000000-0x0000000a5f7fffff] usable
Oct 11 05:53:31 vismaily kernel: [    0.000000] NX (Execute Disable) protection: active
Oct 11 05:53:31 vismaily kernel: [    0.000000] APIC: Static calls initialized
Oct 11 05:53:31 vismaily kernel: [    0.000000] efi: EFI v2.7 by Lenovo
Oct 11 05:53:31 vismaily kernel: [    0.000000] efi: ACPI=0x92ffe000 ACPI 2.0=0x92ffe014 TPMFinalLog=0x92eae000 SMBIOS=0x8f0af000 SMBIOS 3.0=0x8f0a2000 MEMATTR=0x88cea018 ESRT=0x872b2018 RNG=0x92ffd018 TPMEventLog=0x6b7e6018 
Oct 11 05:53:31 vismaily kernel: [    0.000000] random: crng init done
Oct 11 05:53:31 vismaily kernel: [    0.000000] efi: Remove mem73: MMIO range=[0xc0000000-0xcfffffff] (256MB) from e820 map
Oct 11 05:53:31 vismaily kernel: [    0.000000] e820: remove [mem 0xc0000000-0xcfffffff] reserved
Oct 11 05:53:31 vismaily kernel: [    0.000000] SMBIOS 3.4.0 present.
Oct 11 05:53:31 vismaily kernel: [    0.000000] DMI: LENOVO 21E6005VRT/21E6005VRT, BIOS R1SET49W(1.20) 04/13/2023
Oct 11 05:53:31 vismaily kernel: [    0.000000] tsc: Detected 2600.000 MHz processor
Oct 11 05:53:31 vismaily kernel: [    0.000000] tsc: Detected 2611.200 MHz TSC
Oct 11 05:53:31 vismaily kernel: [    0.000004] e820: update [mem 0x00000000-0x00000fff] usable ==> reserved
Oct 11 05:53:31 vismaily kernel: [    0.000008] e820: remove [mem 0x000a0000-0x000fffff] usable
Oct 11 05:53:31 vismaily kernel: [    0.000017] last_pfn = 0xa5f800 max_arch_pfn = 0x400000000
Oct 11 05:53:31 vismaily kernel: [    0.000022] MTRR map: 5 entries (3 fixed + 2 variable; max 23), built from 10 variable MTRRs
Oct 11 05:53:31 vismaily kernel: [    0.000025] x86/PAT: Configuration [0-7]: WB  WC  UC- UC  WB  WP  UC- WT  
Oct 11 05:53:31 vismaily kernel: [    0.000697] last_pfn = 0x93000 max_arch_pfn = 0x400000000
Oct 11 05:53:31 vismaily kernel: [    0.009774] esrt: Reserving ESRT space from 0x00000000872b2018 to 0x00000000872b2118.
Oct 11 05:53:31 vismaily kernel: [    0.009780] e820: update [mem 0x872b2000-0x872b2fff] usable ==> reserved
Oct 11 05:53:31 vismaily kernel: [    0.009799] Using GB pages for direct mapping
Oct 11 05:53:31 vismaily kernel: [    0.009800] Incomplete global flushes, disabling PCID
Oct 11 05:53:31 vismaily kernel: [    0.010295] Secure boot disabled
Oct 11 05:53:31 vismaily kernel: [    0.010297] ACPI: Early table checksum verification disabled
Oct 11 05:53:31 vismaily kernel: [    0.010301] ACPI: RSDP 0x0000000092FFE014 000024 (v02 LENOVO)
Oct 11 05:53:31 vismaily kernel: [    0.010307] ACPI: XSDT 0x0000000092FFC188 000134 (v01 LENOVO TP-R1S   00001200 PTEC 00000002)
Oct 11 05:53:31 vismaily kernel: [    0.010314] ACPI: FACP 0x000000008F091000 000114 (v06 LENOVO TP-R1S   00001200 PTEC 00000002)
Oct 11 05:53:31 vismaily kernel: [    0.010321] ACPI: DSDT 0x000000008F049000 043B23 (v02 LENOVO ICL      00000002      01000013)
Oct 11 05:53:31 vismaily kernel: [    0.010326] ACPI: FACS 0x0000000092E93000 000040
Oct 11 05:53:31 vismaily kernel: [    0.010329] ACPI: SSDT 0x000000008F14A000 00038C (v02 LENOVO Pmax_Dev 00000001 INTL 20200717)
Oct 11 05:53:31 vismaily kernel: [    0.010332] ACPI: SSDT 0x000000008F132000 005C4B (v02 LENOVO CpuSsdt  00003000 INTL 20200717)
Oct 11 05:53:31 vismaily kernel: [    0.010336] ACPI: SSDT 0x000000008F131000 00059B (v02 LENOVO CtdpB    00001000 INTL 20200717)
Oct 11 05:53:31 vismaily kernel: [    0.010339] ACPI: SSDT 0x000000008F0C2000 003E6C (v02 LENOVO DptfTabl 00001000 INTL 20200717)
Oct 11 05:53:31 vismaily kernel: [    0.010343] ACPI: SSDT 0x000000008F094000 000918 (v01 LENOVO WmiTable 00000001 INTL 20200717)
Oct 11 05:53:31 vismaily kernel: [    0.010346] ACPI: SSDT 0x000000008F093000 00060E (v02 LENOVO Tpm2Tabl 00001000 INTL 20200717)
Oct 11 05:53:31 vismaily kernel: [    0.010349] ACPI: TPM2 0x000000008F092000 00004C (v04 LENOVO TP-R1S   00001200 PTEC 00000002)
Oct 11 05:53:31 vismaily kernel: [    0.010353] ACPI: HPET 0x000000008F090000 000038 (v01 LENOVO TP-R1S   00001200 PTEC 00000002)
Oct 11 05:53:31 vismaily kernel: [    0.010356] ACPI: APIC 0x000000008F08F000 0001DC (v05 LENOVO TP-R1S   00001200 PTEC 00000002)
Oct 11 05:53:31 vismaily kernel: [    0.010359] ACPI: MCFG 0x000000008F08E000 00003C (v01 LENOVO TP-R1S   00001200 PTEC 00000002)
Oct 11 05:53:31 vismaily kernel: [    0.010362] ACPI: ECDT 0x000000008F08D000 000053 (v01 LENOVO TP-R1S   00001200 PTEC 00000002)
Oct 11 05:53:31 vismaily kernel: [    0.010366] ACPI: SSDT 0x000000008F045000 0033AD (v02 LENOVO AdlP_Rvp 00001000 INTL 20200717)
Oct 11 05:53:31 vismaily kernel: [    0.010369] ACPI: SSDT 0x000000008F044000 00011A (v02 LENOVO PID0Ssdt 00000010 INTL 20200717)
Oct 11 05:53:31 vismaily kernel: [    0.010372] ACPI: SSDT 0x000000008F043000 000B5E (v02 LENOVO ProjSsdt 00000010 INTL 20200717)
Oct 11 05:53:31 vismaily kernel: [    0.010376] ACPI: SSDT 0x000000008F03F000 002F4C (v02 LENOVO SaSsdt   00003000 INTL 20200717)
Oct 11 05:53:31 vismaily kernel: [    0.010380] ACPI: SSDT 0x000000008F03B000 0035CE (v02 LENOVO IgfxSsdt 00003000 INTL 20200717)
Oct 11 05:53:31 vismaily kernel: [    0.010382] ACPI: SSDT 0x000000008F032000 008974 (v02 LENOVO TcssSsdt 00001000 INTL 20200717)
Oct 11 05:53:31 vismaily kernel: [    0.010385] ACPI: LPIT 0x000000008F031000 0000CC (v01 LENOVO TP-R1S   00001200 PTEC 00000002)
Oct 11 05:53:31 vismaily kernel: [    0.010388] ACPI: WSMT 0x000000008F030000 000028 (v01 LENOVO TP-R1S   00001200 PTEC 00000002)
Oct 11 05:53:31 vismaily kernel: [    0.010390] ACPI: SSDT 0x000000008F02D000 002357 (v02 LENOVO TbtTypeC 00000000 INTL 20200717)
Oct 11 05:53:31 vismaily kernel: [    0.010393] ACPI: DBGP 0x000000008F02C000 000034 (v01 LENOVO TP-R1S   00001200 PTEC 00000002)
Oct 11 05:53:31 vismaily kernel: [    0.010395] ACPI: DBG2 0x000000008F02B000 000054 (v00 LENOVO TP-R1S   00001200 PTEC 00000002)
Oct 11 05:53:31 vismaily kernel: [    0.010398] ACPI: NHLT 0x000000008F029000 00189E (v00 LENOVO TP-R1S   00001200 PTEC 00000002)
Oct 11 05:53:31 vismaily kernel: [    0.010400] ACPI: POAT 0x000000008F028000 000055 (v03 LENOVO TP-R1S   00001200 PTEC 00000002)
Oct 11 05:53:31 vismaily kernel: [    0.010403] ACPI: SSDT 0x000000008F012000 000FDB (v02 LENOVO UsbCTabl 00001000 INTL 20200717)
Oct 11 05:53:31 vismaily kernel: [    0.010406] ACPI: BATB 0x000000008F011000 00004A (v02 LENOVO TP-R1S   00001200 PTEC 00000002)
Oct 11 05:53:31 vismaily kernel: [    0.010408] ACPI: SSDT 0x000000008D209000 00129A (v02 LENOVO SocGpe   00003000 INTL 20200717)
Oct 11 05:53:31 vismaily kernel: [    0.010411] ACPI: SSDT 0x000000008D205000 0039DA (v02 LENOVO SocCmn   00003000 INTL 20200717)
Oct 11 05:53:31 vismaily kernel: [    0.010414] ACPI: SSDT 0x000000008D204000 000144 (v02 LENOVO ADebTabl 00001000 INTL 20200717)
Oct 11 05:53:31 vismaily kernel: [    0.010416] ACPI: BGRT 0x000000008F013000 000038 (v01 LENOVO TP-R1S   00001200 PTEC 00000002)
Oct 11 05:53:31 vismaily kernel: [    0.010419] ACPI: PHAT 0x000000008D1DD000 000498 (v01 LENOVO TP-R1S   00001200 PTEC 00000002)
Oct 11 05:53:31 vismaily kernel: [    0.010421] ACPI: UEFI 0x0000000092E8A000 000076 (v01 LENOVO TP-R1S   00001200 PTEC 00000002)
Oct 11 05:53:31 vismaily kernel: [    0.010424] ACPI: FPDT 0x000000008D1DC000 000034 (v01 LENOVO TP-R1S   00001200 PTEC 00001200)
Oct 11 05:53:31 vismaily kernel: [    0.010426] ACPI: Reserving FACP table memory at [mem 0x8f091000-0x8f091113]
Oct 11 05:53:31 vismaily kernel: [    0.010428] ACPI: Reserving DSDT table memory at [mem 0x8f049000-0x8f08cb22]
Oct 11 05:53:31 vismaily kernel: [    0.010429] ACPI: Reserving FACS table memory at [mem 0x92e93000-0x92e9303f]
Oct 11 05:53:31 vismaily kernel: [    0.010430] ACPI: Reserving SSDT table memory at [mem 0x8f14a000-0x8f14a38b]
Oct 11 05:53:31 vismaily kernel: [    0.010430] ACPI: Reserving SSDT table memory at [mem 0x8f132000-0x8f137c4a]
Oct 11 05:53:31 vismaily kernel: [    0.010431] ACPI: Reserving SSDT table memory at [mem 0x8f131000-0x8f13159a]
Oct 11 05:53:31 vismaily kernel: [    0.010432] ACPI: Reserving SSDT table memory at [mem 0x8f0c2000-0x8f0c5e6b]
Oct 11 05:53:31 vismaily kernel: [    0.010433] ACPI: Reserving SSDT table memory at [mem 0x8f094000-0x8f094917]
Oct 11 05:53:31 vismaily kernel: [    0.010434] ACPI: Reserving SSDT table memory at [mem 0x8f093000-0x8f09360d]
Oct 11 05:53:31 vismaily kernel: [    0.010434] ACPI: Reserving TPM2 table memory at [mem 0x8f092000-0x8f09204b]
Oct 11 05:53:31 vismaily kernel: [    0.010435] ACPI: Reserving HPET table memory at [mem 0x8f090000-0x8f090037]
Oct 11 05:53:31 vismaily kernel: [    0.010436] ACPI: Reserving APIC table memory at [mem 0x8f08f000-0x8f08f1db]
Oct 11 05:53:31 vismaily kernel: [    0.010437] ACPI: Reserving MCFG table memory at [mem 0x8f08e000-0x8f08e03b]
Oct 11 05:53:31 vismaily kernel: [    0.010438] ACPI: Reserving ECDT table memory at [mem 0x8f08d000-0x8f08d052]
Oct 11 05:53:31 vismaily kernel: [    0.010438] ACPI: Reserving SSDT table memory at [mem 0x8f045000-0x8f0483ac]
Oct 11 05:53:31 vismaily kernel: [    0.010439] ACPI: Reserving SSDT table memory at [mem 0x8f044000-0x8f044119]
Oct 11 05:53:31 vismaily kernel: [    0.010440] ACPI: Reserving SSDT table memory at [mem 0x8f043000-0x8f043b5d]
Oct 11 05:53:31 vismaily kernel: [    0.010441] ACPI: Reserving SSDT table memory at [mem 0x8f03f000-0x8f041f4b]
Oct 11 05:53:31 vismaily kernel: [    0.010442] ACPI: Reserving SSDT table memory at [mem 0x8f03b000-0x8f03e5cd]
Oct 11 05:53:31 vismaily kernel: [    0.010443] ACPI: Reserving SSDT table memory at [mem 0x8f032000-0x8f03a973]
Oct 11 05:53:31 vismaily kernel: [    0.010443] ACPI: Reserving LPIT table memory at [mem 0x8f031000-0x8f0310cb]
Oct 11 05:53:31 vismaily kernel: [    0.010444] ACPI: Reserving WSMT table memory at [mem 0x8f030000-0x8f030027]
Oct 11 05:53:31 vismaily kernel: [    0.010445] ACPI: Reserving SSDT table memory at [mem 0x8f02d000-0x8f02f356]
Oct 11 05:53:31 vismaily kernel: [    0.010446] ACPI: Reserving DBGP table memory at [mem 0x8f02c000-0x8f02c033]
Oct 11 05:53:31 vismaily kernel: [    0.010447] ACPI: Reserving DBG2 table memory at [mem 0x8f02b000-0x8f02b053]
Oct 11 05:53:31 vismaily kernel: [    0.010447] ACPI: Reserving NHLT table memory at [mem 0x8f029000-0x8f02a89d]
Oct 11 05:53:31 vismaily kernel: [    0.010448] ACPI: Reserving POAT table memory at [mem 0x8f028000-0x8f028054]
Oct 11 05:53:31 vismaily kernel: [    0.010449] ACPI: Reserving SSDT table memory at [mem 0x8f012000-0x8f012fda]
Oct 11 05:53:31 vismaily kernel: [    0.010450] ACPI: Reserving BATB table memory at [mem 0x8f011000-0x8f011049]
Oct 11 05:53:31 vismaily kernel: [    0.010451] ACPI: Reserving SSDT table memory at [mem 0x8d209000-0x8d20a299]
Oct 11 05:53:31 vismaily kernel: [    0.010452] ACPI: Reserving SSDT table memory at [mem 0x8d205000-0x8d2089d9]
Oct 11 05:53:31 vismaily kernel: [    0.010452] ACPI: Reserving SSDT table memory at [mem 0x8d204000-0x8d204143]
Oct 11 05:53:31 vismaily kernel: [    0.010453] ACPI: Reserving BGRT table memory at [mem 0x8f013000-0x8f013037]
Oct 11 05:53:31 vismaily kernel: [    0.010454] ACPI: Reserving PHAT table memory at [mem 0x8d1dd000-0x8d1dd497]
Oct 11 05:53:31 vismaily kernel: [    0.010455] ACPI: Reserving UEFI table memory at [mem 0x92e8a000-0x92e8a075]
Oct 11 05:53:31 vismaily kernel: [    0.010456] ACPI: Reserving FPDT table memory at [mem 0x8d1dc000-0x8d1dc033]
Oct 11 05:53:31 vismaily kernel: [    0.010673] No NUMA configuration found
Oct 11 05:53:31 vismaily kernel: [    0.010673] Faking a node at [mem 0x0000000000000000-0x0000000a5f7fffff]
Oct 11 05:53:31 vismaily kernel: [    0.010676] NODE_DATA(0) allocated [mem 0xa5f7fc000-0xa5f7fffff]
Oct 11 05:53:31 vismaily kernel: [    0.010712] Zone ranges:
Oct 11 05:53:31 vismaily kernel: [    0.010713]   DMA      [mem 0x0000000000001000-0x0000000000ffffff]
Oct 11 05:53:31 vismaily kernel: [    0.010715]   DMA32    [mem 0x0000000001000000-0x00000000ffffffff]
Oct 11 05:53:31 vismaily kernel: [    0.010717]   Normal   [mem 0x0000000100000000-0x0000000a5f7fffff]
Oct 11 05:53:31 vismaily kernel: [    0.010718] Movable zone start for each node
Oct 11 05:53:31 vismaily kernel: [    0.010719] Early memory node ranges
Oct 11 05:53:31 vismaily kernel: [    0.010720]   node   0: [mem 0x0000000000001000-0x000000000009efff]
Oct 11 05:53:31 vismaily kernel: [    0.010721]   node   0: [mem 0x0000000000100000-0x000000008cbf3fff]
Oct 11 05:53:31 vismaily kernel: [    0.010722]   node   0: [mem 0x0000000092fff000-0x0000000092ffffff]
Oct 11 05:53:31 vismaily kernel: [    0.010723]   node   0: [mem 0x0000000100000000-0x0000000a5f7fffff]
Oct 11 05:53:31 vismaily kernel: [    0.010727] Initmem setup node 0 [mem 0x0000000000001000-0x0000000a5f7fffff]
Oct 11 05:53:31 vismaily kernel: [    0.010730] On node 0, zone DMA: 1 pages in unavailable ranges
Oct 11 05:53:31 vismaily kernel: [    0.010752] On node 0, zone DMA: 97 pages in unavailable ranges
Oct 11 05:53:31 vismaily kernel: [    0.014263] On node 0, zone DMA32: 25611 pages in unavailable ranges
Oct 11 05:53:31 vismaily kernel: [    0.068163] On node 0, zone Normal: 20480 pages in unavailable ranges
Oct 11 05:53:31 vismaily kernel: [    0.068176] On node 0, zone Normal: 2048 pages in unavailable ranges
Oct 11 05:53:31 vismaily kernel: [    0.068205] Reserving Intel graphics memory at [mem 0x9c800000-0xa07fffff]
Oct 11 05:53:31 vismaily kernel: [    0.069321] ACPI: PM-Timer IO Port: 0x1808
Oct 11 05:53:31 vismaily kernel: [    0.069327] ACPI: LAPIC_NMI (acpi_id[0x01] high edge lint[0x1])
Oct 11 05:53:31 vismaily kernel: [    0.069329] ACPI: LAPIC_NMI (acpi_id[0x02] high edge lint[0x1])
Oct 11 05:53:31 vismaily kernel: [    0.069329] ACPI: LAPIC_NMI (acpi_id[0x03] high edge lint[0x1])
Oct 11 05:53:31 vismaily kernel: [    0.069330] ACPI: LAPIC_NMI (acpi_id[0x04] high edge lint[0x1])
Oct 11 05:53:31 vismaily kernel: [    0.069331] ACPI: LAPIC_NMI (acpi_id[0x05] high edge lint[0x1])
Oct 11 05:53:31 vismaily kernel: [    0.069332] ACPI: LAPIC_NMI (acpi_id[0x06] high edge lint[0x1])
Oct 11 05:53:31 vismaily kernel: [    0.069332] ACPI: LAPIC_NMI (acpi_id[0x07] high edge lint[0x1])
Oct 11 05:53:31 vismaily kernel: [    0.069333] ACPI: LAPIC_NMI (acpi_id[0x08] high edge lint[0x1])
Oct 11 05:53:31 vismaily kernel: [    0.069333] ACPI: LAPIC_NMI (acpi_id[0x09] high edge lint[0x1])
Oct 11 05:53:31 vismaily kernel: [    0.069334] ACPI: LAPIC_NMI (acpi_id[0x0a] high edge lint[0x1])
Oct 11 05:53:31 vismaily kernel: [    0.069335] ACPI: LAPIC_NMI (acpi_id[0x0b] high edge lint[0x1])
Oct 11 05:53:31 vismaily kernel: [    0.069335] ACPI: LAPIC_NMI (acpi_id[0x0c] high edge lint[0x1])
Oct 11 05:53:31 vismaily kernel: [    0.069336] ACPI: LAPIC_NMI (acpi_id[0x0d] high edge lint[0x1])
Oct 11 05:53:31 vismaily kernel: [    0.069337] ACPI: LAPIC_NMI (acpi_id[0x0e] high edge lint[0x1])
Oct 11 05:53:31 vismaily kernel: [    0.069337] ACPI: LAPIC_NMI (acpi_id[0x0f] high edge lint[0x1])
Oct 11 05:53:31 vismaily kernel: [    0.069338] ACPI: LAPIC_NMI (acpi_id[0x10] high edge lint[0x1])
Oct 11 05:53:31 vismaily kernel: [    0.069339] ACPI: LAPIC_NMI (acpi_id[0x11] high edge lint[0x1])
Oct 11 05:53:31 vismaily kernel: [    0.069339] ACPI: LAPIC_NMI (acpi_id[0x12] high edge lint[0x1])
Oct 11 05:53:31 vismaily kernel: [    0.069340] ACPI: LAPIC_NMI (acpi_id[0x13] high edge lint[0x1])
Oct 11 05:53:31 vismaily kernel: [    0.069340] ACPI: LAPIC_NMI (acpi_id[0x14] high edge lint[0x1])
Oct 11 05:53:31 vismaily kernel: [    0.069341] ACPI: LAPIC_NMI (acpi_id[0x15] high edge lint[0x1])
Oct 11 05:53:31 vismaily kernel: [    0.069342] ACPI: LAPIC_NMI (acpi_id[0x16] high edge lint[0x1])
Oct 11 05:53:31 vismaily kernel: [    0.069342] ACPI: LAPIC_NMI (acpi_id[0x17] high edge lint[0x1])
Oct 11 05:53:31 vismaily kernel: [    0.069343] ACPI: LAPIC_NMI (acpi_id[0x00] high edge lint[0x1])
Oct 11 05:53:31 vismaily kernel: [    0.069382] IOAPIC[0]: apic_id 2, version 32, address 0xfec00000, GSI 0-119
Oct 11 05:53:31 vismaily kernel: [    0.069385] ACPI: INT_SRC_OVR (bus 0 bus_irq 0 global_irq 2 dfl dfl)
Oct 11 05:53:31 vismaily kernel: [    0.069386] ACPI: INT_SRC_OVR (bus 0 bus_irq 9 global_irq 9 high level)
Oct 11 05:53:31 vismaily kernel: [    0.069390] ACPI: Using ACPI (MADT) for SMP configuration information
Oct 11 05:53:31 vismaily kernel: [    0.069391] ACPI: HPET id: 0x8086a201 base: 0xfed00000
Oct 11 05:53:31 vismaily kernel: [    0.069398] e820: update [mem 0x87160000-0x871f0fff] usable ==> reserved
Oct 11 05:53:31 vismaily kernel: [    0.069407] TSC deadline timer available
Oct 11 05:53:31 vismaily kernel: [    0.069408] smpboot: Allowing 12 CPUs, 0 hotplug CPUs
Oct 11 05:53:31 vismaily kernel: [    0.069419] PM: hibernation: Registered nosave memory: [mem 0x00000000-0x00000fff]
Oct 11 05:53:31 vismaily kernel: [    0.069421] PM: hibernation: Registered nosave memory: [mem 0x0009f000-0x000fffff]
Oct 11 05:53:31 vismaily kernel: [    0.069422] PM: hibernation: Registered nosave memory: [mem 0x87160000-0x871f0fff]
Oct 11 05:53:31 vismaily kernel: [    0.069424] PM: hibernation: Registered nosave memory: [mem 0x872b2000-0x872b2fff]
Oct 11 05:53:31 vismaily kernel: [    0.069425] PM: hibernation: Registered nosave memory: [mem 0x8cbf4000-0x9232efff]
Oct 11 05:53:31 vismaily kernel: [    0.069426] PM: hibernation: Registered nosave memory: [mem 0x9232f000-0x92f2efff]
Oct 11 05:53:31 vismaily kernel: [    0.069426] PM: hibernation: Registered nosave memory: [mem 0x92f2f000-0x92ffefff]
Oct 11 05:53:31 vismaily kernel: [    0.069427] PM: hibernation: Registered nosave memory: [mem 0x93000000-0x96ffffff]
Oct 11 05:53:31 vismaily kernel: [    0.069428] PM: hibernation: Registered nosave memory: [mem 0x97000000-0x979fffff]
Oct 11 05:53:31 vismaily kernel: [    0.069429] PM: hibernation: Registered nosave memory: [mem 0x97a00000-0x97bfffff]
Oct 11 05:53:31 vismaily kernel: [    0.069429] PM: hibernation: Registered nosave memory: [mem 0x97c00000-0x983fffff]
Oct 11 05:53:31 vismaily kernel: [    0.069430] PM: hibernation: Registered nosave memory: [mem 0x98400000-0xa07fffff]
Oct 11 05:53:31 vismaily kernel: [    0.069430] PM: hibernation: Registered nosave memory: [mem 0xa0800000-0xfed1ffff]
Oct 11 05:53:31 vismaily kernel: [    0.069431] PM: hibernation: Registered nosave memory: [mem 0xfed20000-0xfed7ffff]
Oct 11 05:53:31 vismaily kernel: [    0.069432] PM: hibernation: Registered nosave memory: [mem 0xfed80000-0xffffffff]
Oct 11 05:53:31 vismaily kernel: [    0.069433] [mem 0xa0800000-0xfed1ffff] available for PCI devices
Oct 11 05:53:31 vismaily kernel: [    0.069434] Booting paravirtualized kernel on bare hardware
Oct 11 05:53:31 vismaily kernel: [    0.069436] clocksource: refined-jiffies: mask: 0xffffffff max_cycles: 0xffffffff, max_idle_ns: 1910969940391419 ns
Oct 11 05:53:31 vismaily kernel: [    0.077208] setup_percpu: NR_CPUS:64 nr_cpumask_bits:12 nr_cpu_ids:12 nr_node_ids:1
Oct 11 05:53:31 vismaily kernel: [    0.077734] percpu: Embedded 54 pages/cpu s183272 r8192 d29720 u262144
Oct 11 05:53:31 vismaily kernel: [    0.077739] pcpu-alloc: s183272 r8192 d29720 u262144 alloc=1*2097152
Oct 11 05:53:31 vismaily kernel: [    0.077742] pcpu-alloc: [0] 00 01 02 03 04 05 06 07 [0] 08 09 10 11 -- -- -- -- 
Oct 11 05:53:31 vismaily kernel: [    0.077761] Kernel command line: BOOT_IMAGE=/vmlinuz-6.6.0-vismaily root=/dev/nvme0n1p8 ro
Oct 11 05:53:31 vismaily kernel: [    0.077784] Unknown kernel command line parameters "BOOT_IMAGE=/vmlinuz-6.6.0-vismaily", will be passed to user space.
Oct 11 05:53:31 vismaily kernel: [    0.083452] Dentry cache hash table entries: 8388608 (order: 14, 67108864 bytes, linear)
Oct 11 05:53:31 vismaily kernel: [    0.086260] Inode-cache hash table entries: 4194304 (order: 13, 33554432 bytes, linear)
Oct 11 05:53:31 vismaily kernel: [    0.086350] Fallback order for Node 0: 0 
Oct 11 05:53:31 vismaily kernel: [    0.086354] Built 1 zonelists, mobility grouping on.  Total pages: 10242021
Oct 11 05:53:31 vismaily kernel: [    0.086355] Policy zone: Normal
Oct 11 05:53:31 vismaily kernel: [    0.086356] mem auto-init: stack:all(zero), heap alloc:off, heap free:off
Oct 11 05:53:31 vismaily kernel: [    0.086359] software IO TLB: area num 16.
Oct 11 05:53:31 vismaily kernel: [    0.168415] Memory: 40636328K/41619020K available (16384K kernel code, 2542K rwdata, 6292K rodata, 2608K init, 2028K bss, 982436K reserved, 0K cma-reserved)
Oct 11 05:53:31 vismaily kernel: [    0.168477] SLUB: HWalign=64, Order=0-3, MinObjects=0, CPUs=12, Nodes=1
Oct 11 05:53:31 vismaily kernel: [    0.169405] Dynamic Preempt: voluntary
Oct 11 05:53:31 vismaily kernel: [    0.169452] rcu: Preemptible hierarchical RCU implementation.
Oct 11 05:53:31 vismaily kernel: [    0.169452] rcu: ^IRCU event tracing is enabled.
Oct 11 05:53:31 vismaily kernel: [    0.169453] rcu: ^IRCU restricting CPUs from NR_CPUS=64 to nr_cpu_ids=12.
Oct 11 05:53:31 vismaily kernel: [    0.169455] ^ITrampoline variant of Tasks RCU enabled.
Oct 11 05:53:31 vismaily kernel: [    0.169456] rcu: RCU calculated value of scheduler-enlistment delay is 100 jiffies.
Oct 11 05:53:31 vismaily kernel: [    0.169457] rcu: Adjusting geometry for rcu_fanout_leaf=16, nr_cpu_ids=12
Oct 11 05:53:31 vismaily kernel: [    0.170813] NR_IRQS: 4352, nr_irqs: 2152, preallocated irqs: 16
Oct 11 05:53:31 vismaily kernel: [    0.171123] rcu: srcu_init: Setting srcu_struct sizes based on contention.
Oct 11 05:53:31 vismaily kernel: [    0.171351] Console: colour dummy device 80x25
Oct 11 05:53:31 vismaily kernel: [    0.171354] printk: console [tty0] enabled
Oct 11 05:53:31 vismaily kernel: [    0.171678] ACPI: Core revision 20230628
Oct 11 05:53:31 vismaily kernel: [    0.172039] hpet: HPET dysfunctional in PC10. Force disabled.
Oct 11 05:53:31 vismaily kernel: [    0.172042] APIC: Switch to symmetric I/O mode setup
Oct 11 05:53:31 vismaily kernel: [    0.173620] x2apic: IRQ remapping doesn't support X2APIC mode
Oct 11 05:53:31 vismaily kernel: [    0.173970] APIC: Switched APIC routing to: physical flat
Oct 11 05:53:31 vismaily kernel: [    0.179060] clocksource: tsc-early: mask: 0xffffffffffffffff max_cycles: 0x25a39079a08, max_idle_ns: 440795310461 ns
Oct 11 05:53:31 vismaily kernel: [    0.179073] Calibrating delay loop (skipped), value calculated using timer frequency.. 5222.40 BogoMIPS (lpj=2611200)
Oct 11 05:53:31 vismaily kernel: [    0.179148] CPU0: Thermal monitoring enabled (TM1)
Oct 11 05:53:31 vismaily kernel: [    0.179152] x86/cpu: User Mode Instruction Prevention (UMIP) activated
Oct 11 05:53:31 vismaily kernel: [    0.179291] process: using mwait in idle threads
Oct 11 05:53:31 vismaily kernel: [    0.179294] CET detected: Indirect Branch Tracking enabled
Oct 11 05:53:31 vismaily kernel: [    0.179298] Last level iTLB entries: 4KB 0, 2MB 0, 4MB 0
Oct 11 05:53:31 vismaily kernel: [    0.179300] Last level dTLB entries: 4KB 0, 2MB 0, 4MB 0, 1GB 0
Oct 11 05:53:31 vismaily kernel: [    0.179305] Spectre V1 : Mitigation: usercopy/swapgs barriers and __user pointer sanitization
Oct 11 05:53:31 vismaily kernel: [    0.179309] Spectre V2 : Mitigation: Enhanced / Automatic IBRS
Oct 11 05:53:31 vismaily kernel: [    0.179311] Spectre V2 : Spectre v2 / SpectreRSB mitigation: Filling RSB on context switch
Oct 11 05:53:31 vismaily kernel: [    0.179314] Spectre V2 : Spectre v2 / PBRSB-eIBRS: Retire a single CALL on VMEXIT
Oct 11 05:53:31 vismaily kernel: [    0.179317] Spectre V2 : mitigation: Enabling conditional Indirect Branch Prediction Barrier
Oct 11 05:53:31 vismaily kernel: [    0.179321] Speculative Store Bypass: Mitigation: Speculative Store Bypass disabled via prctl
Oct 11 05:53:31 vismaily kernel: [    0.179335] x86/fpu: Supporting XSAVE feature 0x001: 'x87 floating point registers'
Oct 11 05:53:31 vismaily kernel: [    0.179338] x86/fpu: Supporting XSAVE feature 0x002: 'SSE registers'
Oct 11 05:53:31 vismaily kernel: [    0.179340] x86/fpu: Supporting XSAVE feature 0x004: 'AVX registers'
Oct 11 05:53:31 vismaily kernel: [    0.179342] x86/fpu: Supporting XSAVE feature 0x200: 'Protection Keys User registers'
Oct 11 05:53:31 vismaily kernel: [    0.179345] x86/fpu: Supporting XSAVE feature 0x800: 'Control-flow User registers'
Oct 11 05:53:31 vismaily kernel: [    0.179348] x86/fpu: xstate_offset[2]:  576, xstate_sizes[2]:  256
Oct 11 05:53:31 vismaily kernel: [    0.179351] x86/fpu: xstate_offset[9]:  832, xstate_sizes[9]:    8
Oct 11 05:53:31 vismaily kernel: [    0.179353] x86/fpu: xstate_offset[11]:  840, xstate_sizes[11]:   16
Oct 11 05:53:31 vismaily kernel: [    0.179356] x86/fpu: Enabled xstate features 0xa07, context size is 856 bytes, using 'compacted' format.
Oct 11 05:53:31 vismaily kernel: [    0.180069] Freeing SMP alternatives memory: 48K
Oct 11 05:53:31 vismaily kernel: [    0.180069] pid_max: default: 32768 minimum: 301
Oct 11 05:53:31 vismaily kernel: [    0.180069] LSM: initializing lsm=capability,selinux,integrity
Oct 11 05:53:31 vismaily kernel: [    0.180069] SELinux:  Initializing.
Oct 11 05:53:31 vismaily kernel: [    0.180069] Mount-cache hash table entries: 131072 (order: 8, 1048576 bytes, linear)
Oct 11 05:53:31 vismaily kernel: [    0.180069] Mountpoint-cache hash table entries: 131072 (order: 8, 1048576 bytes, linear)
Oct 11 05:53:31 vismaily kernel: [    0.180069] smpboot: CPU0: 12th Gen Intel(R) Core(TM) i7-1255U (family: 0x6, model: 0x9a, stepping: 0x4)
Oct 11 05:53:31 vismaily kernel: [    0.180069] RCU Tasks: Setting shift to 4 and lim to 1 rcu_task_cb_adjust=1.
Oct 11 05:53:31 vismaily kernel: [    0.180069] Performance Events: XSAVE Architectural LBR, PEBS fmt4+-baseline,  AnyThread deprecated, Alderlake Hybrid events, 32-deep LBR, full-width counters, Intel PMU driver.
Oct 11 05:53:31 vismaily kernel: [    0.180069] core: cpu_core PMU driver: 
Oct 11 05:53:31 vismaily kernel: [    0.180069] ... version:                5
Oct 11 05:53:31 vismaily kernel: [    0.180069] ... bit width:              48
Oct 11 05:53:31 vismaily kernel: [    0.180069] ... generic registers:      8
Oct 11 05:53:31 vismaily kernel: [    0.180069] ... value mask:             0000ffffffffffff
Oct 11 05:53:31 vismaily kernel: [    0.180069] ... max period:             00007fffffffffff
Oct 11 05:53:31 vismaily kernel: [    0.180069] ... fixed-purpose events:   4
Oct 11 05:53:31 vismaily kernel: [    0.180069] ... event mask:             0001000f000000ff
Oct 11 05:53:31 vismaily kernel: [    0.180069] signal: max sigframe size: 3632
Oct 11 05:53:31 vismaily kernel: [    0.180069] Estimated ratio of average max frequency by base frequency (times 1024): 1614
Oct 11 05:53:31 vismaily kernel: [    0.180069] rcu: Hierarchical SRCU implementation.
Oct 11 05:53:31 vismaily kernel: [    0.180069] rcu: ^IMax phase no-delay instances is 400.
Oct 11 05:53:31 vismaily kernel: [    0.180069] smp: Bringing up secondary CPUs ...
Oct 11 05:53:31 vismaily kernel: [    0.180069] smpboot: x86: Booting SMP configuration:
Oct 11 05:53:31 vismaily kernel: [    0.180069] .... node  #0, CPUs:        #2  #4  #5  #6  #7  #8  #9 #10 #11
Oct 11 05:53:31 vismaily kernel: [    0.008761] core: cpu_atom PMU driver: PEBS-via-PT 
Oct 11 05:53:31 vismaily kernel: [    0.008761] ... version:                5
Oct 11 05:53:31 vismaily kernel: [    0.008761] ... bit width:              48
Oct 11 05:53:31 vismaily kernel: [    0.008761] ... generic registers:      6
Oct 11 05:53:31 vismaily kernel: [    0.008761] ... value mask:             0000ffffffffffff
Oct 11 05:53:31 vismaily kernel: [    0.008761] ... max period:             00007fffffffffff
Oct 11 05:53:31 vismaily kernel: [    0.008761] ... fixed-purpose events:   3
Oct 11 05:53:31 vismaily kernel: [    0.008761] ... event mask:             000000070000003f
Oct 11 05:53:31 vismaily kernel: [    0.184176]   #1  #3
Oct 11 05:53:31 vismaily kernel: [    0.187106] smp: Brought up 1 node, 12 CPUs
Oct 11 05:53:31 vismaily kernel: [    0.187113] smpboot: Max logical packages: 1
Oct 11 05:53:31 vismaily kernel: [    0.187115] smpboot: Total of 12 processors activated (62668.80 BogoMIPS)
Oct 11 05:53:31 vismaily kernel: [    0.189155] devtmpfs: initialized
Oct 11 05:53:31 vismaily kernel: [    0.189277] ACPI: PM: Registering ACPI NVS region [mem 0x9232f000-0x92f2efff] (12582912 bytes)
Oct 11 05:53:31 vismaily kernel: [    0.189285] clocksource: jiffies: mask: 0xffffffff max_cycles: 0xffffffff, max_idle_ns: 1911260446275000 ns
Oct 11 05:53:31 vismaily kernel: [    0.189292] futex hash table entries: 4096 (order: 6, 262144 bytes, linear)
Oct 11 05:53:31 vismaily kernel: [    0.189557] PM: RTC time: 05:53:24, date: 2023-10-11
Oct 11 05:53:31 vismaily kernel: [    0.189670] NET: Registered PF_NETLINK/PF_ROUTE protocol family
Oct 11 05:53:31 vismaily kernel: [    0.190182] audit: initializing netlink subsys (disabled)
Oct 11 05:53:31 vismaily kernel: [    0.190196] audit: type=2000 audit(1697003604.011:1): state=initialized audit_enabled=0 res=1
Oct 11 05:53:31 vismaily kernel: [    0.190196] thermal_sys: Registered thermal governor 'step_wise'
Oct 11 05:53:31 vismaily kernel: [    0.190196] thermal_sys: Registered thermal governor 'user_space'
Oct 11 05:53:31 vismaily kernel: [    0.190196] cpuidle: using governor menu
Oct 11 05:53:31 vismaily kernel: [    0.190361] PCI: MMCONFIG for domain 0000 [bus 00-ff] at [mem 0xc0000000-0xcfffffff] (base 0xc0000000)
Oct 11 05:53:31 vismaily kernel: [    0.190370] PCI: not using MMCONFIG
Oct 11 05:53:31 vismaily kernel: [    0.190372] PCI: Using configuration type 1 for base access
Oct 11 05:53:31 vismaily kernel: [    0.190704] ENERGY_PERF_BIAS: Set to 'normal', was 'performance'
Oct 11 05:53:31 vismaily kernel: [    0.191132] kprobes: kprobe jump-optimization is enabled. All kprobes are optimized if possible.
Oct 11 05:53:31 vismaily kernel: [    0.191151] HugeTLB: registered 2.00 MiB page size, pre-allocated 0 pages
Oct 11 05:53:31 vismaily kernel: [    0.191151] HugeTLB: 28 KiB vmemmap can be freed for a 2.00 MiB page
Oct 11 05:53:31 vismaily kernel: [    0.191191] ACPI: Added _OSI(Module Device)
Oct 11 05:53:31 vismaily kernel: [    0.191191] ACPI: Added _OSI(Processor Device)
Oct 11 05:53:31 vismaily kernel: [    0.191191] ACPI: Added _OSI(3.0 _SCP Extensions)
Oct 11 05:53:31 vismaily kernel: [    0.191191] ACPI: Added _OSI(Processor Aggregator Device)
Oct 11 05:53:31 vismaily kernel: [    0.286206] ACPI BIOS Error (bug): Failure creating named object [\_SB.WMI6], AE_ALREADY_EXISTS (20230628/dswload2-326)
Oct 11 05:53:31 vismaily kernel: [    0.286220] ACPI Error: AE_ALREADY_EXISTS, During name lookup/catalog (20230628/psobject-220)
Oct 11 05:53:31 vismaily kernel: [    0.286226] ACPI: Skipping parse of AML opcode: OpcodeName unavailable (0x5B82)
Oct 11 05:53:31 vismaily kernel: [    0.302013] ACPI: 18 ACPI AML tables successfully acquired and loaded
Oct 11 05:53:31 vismaily kernel: [    0.303349] ACPI: EC: EC started
Oct 11 05:53:31 vismaily kernel: [    0.303352] ACPI: EC: interrupt blocked
Oct 11 05:53:31 vismaily kernel: [    0.304180] ACPI: EC: EC_CMD/EC_SC=0x66, EC_DATA=0x62
Oct 11 05:53:31 vismaily kernel: [    0.304184] ACPI: EC: Boot ECDT EC used to handle transactions
Oct 11 05:53:31 vismaily kernel: [    0.306050] ACPI: [Firmware Bug]: BIOS _OSI(Linux) query ignored
Oct 11 05:53:31 vismaily kernel: [    0.338906] ACPI: Dynamic OEM Table Load:
Oct 11 05:53:31 vismaily kernel: [    0.338922] ACPI: SSDT 0xFFFF888100F89000 000394 (v02 PmRef  Cpu0Cst  00003001 INTL 20200717)
Oct 11 05:53:31 vismaily kernel: [    0.340014] ACPI: Dynamic OEM Table Load:
Oct 11 05:53:31 vismaily kernel: [    0.340025] ACPI: SSDT 0xFFFF888100F94800 000605 (v02 PmRef  Cpu0Ist  00003000 INTL 20200717)
Oct 11 05:53:31 vismaily kernel: [    0.341149] ACPI: Dynamic OEM Table Load:
Oct 11 05:53:31 vismaily kernel: [    0.341158] ACPI: SSDT 0xFFFF888101040A00 0001AB (v02 PmRef  Cpu0Psd  00003000 INTL 20200717)
Oct 11 05:53:31 vismaily kernel: [    0.342252] ACPI: Dynamic OEM Table Load:
Oct 11 05:53:31 vismaily kernel: [    0.342262] ACPI: SSDT 0xFFFF888100F95000 000476 (v02 PmRef  Cpu0Hwp  00003000 INTL 20200717)
Oct 11 05:53:31 vismaily kernel: [    0.343655] ACPI: Dynamic OEM Table Load:
Oct 11 05:53:31 vismaily kernel: [    0.343671] ACPI: SSDT 0xFFFF888100FA4000 001BAF (v02 PmRef  ApIst    00003000 INTL 20200717)
Oct 11 05:53:31 vismaily kernel: [    0.345381] ACPI: Dynamic OEM Table Load:
Oct 11 05:53:31 vismaily kernel: [    0.345393] ACPI: SSDT 0xFFFF888100FA6000 001038 (v02 PmRef  ApHwp    00003000 INTL 20200717)
Oct 11 05:53:31 vismaily kernel: [    0.346899] ACPI: Dynamic OEM Table Load:
Oct 11 05:53:31 vismaily kernel: [    0.346912] ACPI: SSDT 0xFFFF888100FA8000 001349 (v02 PmRef  ApPsd    00003000 INTL 20200717)
Oct 11 05:53:31 vismaily kernel: [    0.348406] ACPI: Dynamic OEM Table Load:
Oct 11 05:53:31 vismaily kernel: [    0.348418] ACPI: SSDT 0xFFFF888100F9A000 000FBB (v02 PmRef  ApCst    00003000 INTL 20200717)
Oct 11 05:53:31 vismaily kernel: [    0.353853] ACPI: _OSC evaluated successfully for all CPUs
Oct 11 05:53:31 vismaily kernel: [    0.353856] ACPI: Interpreter enabled
Oct 11 05:53:31 vismaily kernel: [    0.353921] ACPI: PM: (supports S0 S4 S5)
Oct 11 05:53:31 vismaily kernel: [    0.353924] ACPI: Using IOAPIC for interrupt routing
Oct 11 05:53:31 vismaily kernel: [    0.353972] PCI: MMCONFIG for domain 0000 [bus 00-ff] at [mem 0xc0000000-0xcfffffff] (base 0xc0000000)
Oct 11 05:53:31 vismaily kernel: [    0.354669] PCI: MMCONFIG at [mem 0xc0000000-0xcfffffff] reserved as ACPI motherboard resource
Oct 11 05:53:31 vismaily kernel: [    0.354682] PCI: Using host bridge windows from ACPI; if necessary, use "pci=nocrs" and report a bug
Oct 11 05:53:31 vismaily kernel: [    0.354686] PCI: Ignoring E820 reservations for host bridge windows
Oct 11 05:53:31 vismaily kernel: [    0.355277] ACPI: Enabled 10 GPEs in block 00 to 7F
Oct 11 05:53:31 vismaily kernel: [    0.356135] ACPI: \_SB_.PC00.PEG0.PXP_: New power resource
Oct 11 05:53:31 vismaily kernel: [    0.357755] ACPI: \_SB_.PC00.PEG2.PXP_: New power resource
Oct 11 05:53:31 vismaily kernel: [    0.359690] ACPI: \_SB_.PC00.LPCB.EC__.PUBS: New power resource
Oct 11 05:53:31 vismaily kernel: [    0.364263] ACPI: \_SB_.PC00.I2C2.PXTC: New power resource
Oct 11 05:53:31 vismaily kernel: [    0.366010] ACPI: \_SB_.PC00.CNVW.WRST: New power resource
Oct 11 05:53:31 vismaily kernel: [    0.369124] ACPI: \_SB_.PC00.RP06.PXSX.WRST: New power resource
Oct 11 05:53:31 vismaily kernel: [    0.369149] ACPI: \_SB_.PC00.RP06.PXSX.DRST: New power resource
Oct 11 05:53:31 vismaily kernel: [    0.369774] ACPI: \_SB_.PC00.RP08.PXP_: New power resource
Oct 11 05:53:31 vismaily kernel: [    0.370304] ACPI: \_SB_.PC00.RP09.PXP_: New power resource
Oct 11 05:53:31 vismaily kernel: [    0.378558] ACPI: \_SB_.PC00.TBT0: New power resource
Oct 11 05:53:31 vismaily kernel: [    0.378583] ACPI: \_SB_.PC00.TBT1: New power resource
Oct 11 05:53:31 vismaily kernel: [    0.502551] ACPI: \PIN_: New power resource
Oct 11 05:53:31 vismaily kernel: [    0.502581] ACPI: \PINP: New power resource
Oct 11 05:53:31 vismaily kernel: [    0.503063] ACPI: PCI Root Bridge [PC00] (domain 0000 [bus 00-fe])
Oct 11 05:53:31 vismaily kernel: [    0.503075] acpi PNP0A08:00: _OSC: OS supports [ExtendedConfig ASPM ClockPM Segments MSI HPX-Type3]
Oct 11 05:53:31 vismaily kernel: [    0.504678] acpi PNP0A08:00: _OSC: OS now controls [PME PCIeCapability LTR]
Oct 11 05:53:31 vismaily kernel: [    0.505559] PCI host bridge to bus 0000:00
Oct 11 05:53:31 vismaily kernel: [    0.505563] pci_bus 0000:00: root bus resource [io  0x0000-0x0cf7 window]
Oct 11 05:53:31 vismaily kernel: [    0.505569] pci_bus 0000:00: root bus resource [io  0x0d00-0xffff window]
Oct 11 05:53:31 vismaily kernel: [    0.505573] pci_bus 0000:00: root bus resource [mem 0x000a0000-0x000bffff window]
Oct 11 05:53:31 vismaily kernel: [    0.505578] pci_bus 0000:00: root bus resource [mem 0xa0800000-0xbfffffff window]
Oct 11 05:53:31 vismaily kernel: [    0.505582] pci_bus 0000:00: root bus resource [mem 0x4000000000-0x7fffffffff window]
Oct 11 05:53:31 vismaily kernel: [    0.505587] pci_bus 0000:00: root bus resource [bus 00-fe]
Oct 11 05:53:31 vismaily kernel: [    0.505987] pci 0000:00:00.0: [8086:4601] type 00 class 0x060000
Oct 11 05:53:31 vismaily kernel: [    0.506172] pci 0000:00:02.0: [8086:46a8] type 00 class 0x030000
Oct 11 05:53:31 vismaily kernel: [    0.506187] pci 0000:00:02.0: reg 0x10: [mem 0x601c000000-0x601cffffff 64bit]
Oct 11 05:53:31 vismaily kernel: [    0.506199] pci 0000:00:02.0: reg 0x18: [mem 0x4000000000-0x400fffffff 64bit pref]
Oct 11 05:53:31 vismaily kernel: [    0.506207] pci 0000:00:02.0: reg 0x20: [io  0x3000-0x303f]
Oct 11 05:53:31 vismaily kernel: [    0.506232] pci 0000:00:02.0: DMAR: Skip IOMMU disabling for graphics
Oct 11 05:53:31 vismaily kernel: [    0.506237] pci 0000:00:02.0: Video device with shadowed ROM at [mem 0x000c0000-0x000dffff]
Oct 11 05:53:31 vismaily kernel: [    0.506439] pci 0000:00:04.0: [8086:461d] type 00 class 0x118000
Oct 11 05:53:31 vismaily kernel: [    0.506459] pci 0000:00:04.0: reg 0x10: [mem 0x601d180000-0x601d19ffff 64bit]
Oct 11 05:53:31 vismaily kernel: [    0.506925] pci 0000:00:06.0: [8086:464d] type 01 class 0x060400
Oct 11 05:53:31 vismaily kernel: [    0.507135] pci 0000:00:06.0: PME# supported from D0 D3hot D3cold
Oct 11 05:53:31 vismaily kernel: [    0.507882] pci 0000:00:07.0: [8086:466e] type 01 class 0x060400
Oct 11 05:53:31 vismaily kernel: [    0.507975] pci 0000:00:07.0: PME# supported from D0 D3hot D3cold
Oct 11 05:53:31 vismaily kernel: [    0.508786] pci 0000:00:08.0: [8086:464f] type 00 class 0x088000
Oct 11 05:53:31 vismaily kernel: [    0.508801] pci 0000:00:08.0: reg 0x10: [mem 0x601d1d7000-0x601d1d7fff 64bit]
Oct 11 05:53:31 vismaily kernel: [    0.508937] pci 0000:00:0a.0: [8086:467d] type 00 class 0x118000
Oct 11 05:53:31 vismaily kernel: [    0.508951] pci 0000:00:0a.0: reg 0x10: [mem 0x601d1c0000-0x601d1c7fff 64bit]
Oct 11 05:53:31 vismaily kernel: [    0.508980] pci 0000:00:0a.0: enabling Extended Tags
Oct 11 05:53:31 vismaily kernel: [    0.509103] pci 0000:00:0d.0: [8086:461e] type 00 class 0x0c0330
Oct 11 05:53:31 vismaily kernel: [    0.509117] pci 0000:00:0d.0: reg 0x10: [mem 0x601d1b0000-0x601d1bffff 64bit]
Oct 11 05:53:31 vismaily kernel: [    0.509168] pci 0000:00:0d.0: PME# supported from D3hot D3cold
Oct 11 05:53:31 vismaily kernel: [    0.509518] pci 0000:00:0d.2: [8086:463e] type 00 class 0x0c0340
Oct 11 05:53:31 vismaily kernel: [    0.509533] pci 0000:00:0d.2: reg 0x10: [mem 0x601d140000-0x601d17ffff 64bit]
Oct 11 05:53:31 vismaily kernel: [    0.509543] pci 0000:00:0d.2: reg 0x18: [mem 0x601d1d6000-0x601d1d6fff 64bit]
Oct 11 05:53:31 vismaily kernel: [    0.509586] pci 0000:00:0d.2: supports D1 D2
Oct 11 05:53:31 vismaily kernel: [    0.509589] pci 0000:00:0d.2: PME# supported from D0 D1 D2 D3hot D3cold
Oct 11 05:53:31 vismaily kernel: [    0.509733] pci 0000:00:0d.3: [8086:466d] type 00 class 0x0c0340
Oct 11 05:53:31 vismaily kernel: [    0.509748] pci 0000:00:0d.3: reg 0x10: [mem 0x601d100000-0x601d13ffff 64bit]
Oct 11 05:53:31 vismaily kernel: [    0.509759] pci 0000:00:0d.3: reg 0x18: [mem 0x601d1d5000-0x601d1d5fff 64bit]
Oct 11 05:53:31 vismaily kernel: [    0.509801] pci 0000:00:0d.3: supports D1 D2
Oct 11 05:53:31 vismaily kernel: [    0.509804] pci 0000:00:0d.3: PME# supported from D0 D1 D2 D3hot D3cold
Oct 11 05:53:31 vismaily kernel: [    0.510009] pci 0000:00:14.0: [8086:51ed] type 00 class 0x0c0330
Oct 11 05:53:31 vismaily kernel: [    0.510036] pci 0000:00:14.0: reg 0x10: [mem 0x601d1a0000-0x601d1affff 64bit]
Oct 11 05:53:31 vismaily kernel: [    0.510140] pci 0000:00:14.0: PME# supported from D3hot D3cold
Oct 11 05:53:31 vismaily kernel: [    0.510500] pci 0000:00:14.2: [8086:51ef] type 00 class 0x050000
Oct 11 05:53:31 vismaily kernel: [    0.510527] pci 0000:00:14.2: reg 0x10: [mem 0x601d1cc000-0x601d1cffff 64bit]
Oct 11 05:53:31 vismaily kernel: [    0.510545] pci 0000:00:14.2: reg 0x18: [mem 0x601d1d4000-0x601d1d4fff 64bit]
Oct 11 05:53:31 vismaily kernel: [    0.510788] pci 0000:00:15.0: [8086:51e8] type 00 class 0x0c8000
Oct 11 05:53:31 vismaily kernel: [    0.510874] pci 0000:00:15.0: reg 0x10: [mem 0x00000000-0x00000fff 64bit]
Oct 11 05:53:31 vismaily kernel: [    0.511308] pci 0000:00:15.2: [8086:51ea] type 00 class 0x0c8000
Oct 11 05:53:31 vismaily kernel: [    0.511391] pci 0000:00:15.2: reg 0x10: [mem 0x00000000-0x00000fff 64bit]
Oct 11 05:53:31 vismaily kernel: [    0.511946] pci 0000:00:16.0: [8086:51e0] type 00 class 0x078000
Oct 11 05:53:31 vismaily kernel: [    0.511976] pci 0000:00:16.0: reg 0x10: [mem 0x601d1d1000-0x601d1d1fff 64bit]
Oct 11 05:53:31 vismaily kernel: [    0.512077] pci 0000:00:16.0: PME# supported from D3hot
Oct 11 05:53:31 vismaily kernel: [    0.512458] pci 0000:00:1c.0: [8086:51b8] type 01 class 0x060400
Oct 11 05:53:31 vismaily kernel: [    0.512587] pci 0000:00:1c.0: PME# supported from D0 D3hot D3cold
Oct 11 05:53:31 vismaily kernel: [    0.513183] pci 0000:00:1c.5: [8086:51bd] type 01 class 0x060400
Oct 11 05:53:31 vismaily kernel: [    0.513309] pci 0000:00:1c.5: PME# supported from D0 D3hot D3cold
Oct 11 05:53:31 vismaily kernel: [    0.513920] pci 0000:00:1f.0: [8086:5182] type 00 class 0x060100
Oct 11 05:53:31 vismaily kernel: [    0.514400] pci 0000:00:1f.3: [8086:51c8] type 00 class 0x040100
Oct 11 05:53:31 vismaily kernel: [    0.514452] pci 0000:00:1f.3: reg 0x10: [mem 0x601d1c8000-0x601d1cbfff 64bit]
Oct 11 05:53:31 vismaily kernel: [    0.514526] pci 0000:00:1f.3: reg 0x20: [mem 0x601d000000-0x601d0fffff 64bit]
Oct 11 05:53:31 vismaily kernel: [    0.514643] pci 0000:00:1f.3: PME# supported from D3hot D3cold
Oct 11 05:53:31 vismaily kernel: [    0.515009] pci 0000:00:1f.4: [8086:51a3] type 00 class 0x0c0500
Oct 11 05:53:31 vismaily kernel: [    0.515041] pci 0000:00:1f.4: reg 0x10: [mem 0x601d1d0000-0x601d1d00ff 64bit]
Oct 11 05:53:31 vismaily kernel: [    0.515081] pci 0000:00:1f.4: reg 0x20: [io  0xefa0-0xefbf]
Oct 11 05:53:31 vismaily kernel: [    0.515434] pci 0000:00:1f.5: [8086:51a4] type 00 class 0x0c8000
Oct 11 05:53:31 vismaily kernel: [    0.515458] pci 0000:00:1f.5: reg 0x10: [mem 0xfe010000-0xfe010fff]
Oct 11 05:53:31 vismaily kernel: [    0.515634] pci 0000:00:1f.6: [8086:1a1f] type 00 class 0x020000
Oct 11 05:53:31 vismaily kernel: [    0.515689] pci 0000:00:1f.6: reg 0x10: [mem 0xae400000-0xae41ffff]
Oct 11 05:53:31 vismaily kernel: [    0.515970] pci 0000:00:1f.6: PME# supported from D0 D3hot D3cold
Oct 11 05:53:31 vismaily kernel: [    0.517083] pci 0000:01:00.0: [15b7:5016] type 00 class 0x010802
Oct 11 05:53:31 vismaily kernel: [    0.517102] pci 0000:01:00.0: reg 0x10: [mem 0xae300000-0xae303fff 64bit]
Oct 11 05:53:31 vismaily kernel: [    0.517328] pci 0000:00:06.0: PCI bridge to [bus 01]
Oct 11 05:53:31 vismaily kernel: [    0.517335] pci 0000:00:06.0:   bridge window [mem 0xae300000-0xae3fffff]
Oct 11 05:53:31 vismaily kernel: [    0.517370] pci 0000:00:07.0: PCI bridge to [bus 02-2b]
Oct 11 05:53:31 vismaily kernel: [    0.517376] pci 0000:00:07.0:   bridge window [mem 0xa2000000-0xae1fffff]
Oct 11 05:53:31 vismaily kernel: [    0.517382] pci 0000:00:07.0:   bridge window [mem 0x6000000000-0x601bffffff 64bit pref]
Oct 11 05:53:31 vismaily kernel: [    0.517451] pci 0000:00:1c.0: PCI bridge to [bus 2c]
Oct 11 05:53:31 vismaily kernel: [    0.517550] pci 0000:2d:00.0: [10ec:b852] type 00 class 0x028000
Oct 11 05:53:31 vismaily kernel: [    0.517592] pci 0000:2d:00.0: reg 0x10: [io  0x2000-0x20ff]
Oct 11 05:53:31 vismaily kernel: [    0.517644] pci 0000:2d:00.0: reg 0x18: [mem 0xae200000-0xae2fffff 64bit]
Oct 11 05:53:31 vismaily kernel: [    0.517898] pci 0000:2d:00.0: PME# supported from D0 D3hot D3cold
Oct 11 05:53:31 vismaily kernel: [    0.518840] pci 0000:00:1c.5: PCI bridge to [bus 2d]
Oct 11 05:53:31 vismaily kernel: [    0.518854] pci 0000:00:1c.5:   bridge window [io  0x2000-0x2fff]
Oct 11 05:53:31 vismaily kernel: [    0.518859] pci 0000:00:1c.5:   bridge window [mem 0xae200000-0xae2fffff]
Oct 11 05:53:31 vismaily kernel: [    1.109246] Low-power S0 idle used by default for system suspend
Oct 11 05:53:31 vismaily kernel: [    1.122568] ACPI: EC: interrupt unblocked
Oct 11 05:53:31 vismaily kernel: [    1.122573] ACPI: EC: event unblocked
Oct 11 05:53:31 vismaily kernel: [    1.122597] ACPI: EC: EC_CMD/EC_SC=0x66, EC_DATA=0x62
Oct 11 05:53:31 vismaily kernel: [    1.122600] ACPI: EC: GPE=0x6e
Oct 11 05:53:31 vismaily kernel: [    1.122603] ACPI: \_SB_.PC00.LPCB.EC__: Boot ECDT EC initialization complete
Oct 11 05:53:31 vismaily kernel: [    1.122608] ACPI: \_SB_.PC00.LPCB.EC__: EC: Used to handle transactions and events
Oct 11 05:53:31 vismaily kernel: [    1.122707] iommu: Default domain type: Translated
Oct 11 05:53:31 vismaily kernel: [    1.122711] iommu: DMA domain TLB invalidation policy: lazy mode
Oct 11 05:53:31 vismaily kernel: [    1.122793] SCSI subsystem initialized
Oct 11 05:53:31 vismaily kernel: [    1.123083] libata version 3.00 loaded.
Oct 11 05:53:31 vismaily kernel: [    1.123110] ACPI: bus type USB registered
Oct 11 05:53:31 vismaily kernel: [    1.123127] usbcore: registered new interface driver usbfs
Oct 11 05:53:31 vismaily kernel: [    1.123137] usbcore: registered new interface driver hub
Oct 11 05:53:31 vismaily kernel: [    1.123149] usbcore: registered new device driver usb
Oct 11 05:53:31 vismaily kernel: [    1.123168] pps_core: LinuxPPS API ver. 1 registered
Oct 11 05:53:31 vismaily kernel: [    1.123171] pps_core: Software ver. 5.3.6 - Copyright 2005-2007 Rodolfo Giometti <giometti@linux.it>
Oct 11 05:53:31 vismaily kernel: [    1.123177] PTP clock support registered
Oct 11 05:53:31 vismaily kernel: [    1.123242] efivars: Registered efivars operations
Oct 11 05:53:31 vismaily kernel: [    1.123242] Advanced Linux Sound Architecture Driver Initialized.
Oct 11 05:53:31 vismaily kernel: [    1.123331] NetLabel: Initializing
Oct 11 05:53:31 vismaily kernel: [    1.123334] NetLabel:  domain hash size = 128
Oct 11 05:53:31 vismaily kernel: [    1.123337] NetLabel:  protocols = UNLABELED CIPSOv4 CALIPSO
Oct 11 05:53:31 vismaily kernel: [    1.123370] NetLabel:  unlabeled traffic allowed by default
Oct 11 05:53:31 vismaily kernel: [    1.123389] PCI: Using ACPI for IRQ routing
Oct 11 05:53:31 vismaily kernel: [    1.144049] PCI: pci_cache_line_size set to 64 bytes
Oct 11 05:53:31 vismaily kernel: [    1.144904] pci 0000:00:1f.5: can't claim BAR 0 [mem 0xfe010000-0xfe010fff]: no compatible bridge window
Oct 11 05:53:31 vismaily kernel: [    1.144993] e820: reserve RAM buffer [mem 0x0009f000-0x0009ffff]
Oct 11 05:53:31 vismaily kernel: [    1.144996] e820: reserve RAM buffer [mem 0x87160000-0x87ffffff]
Oct 11 05:53:31 vismaily kernel: [    1.144997] e820: reserve RAM buffer [mem 0x872b2000-0x87ffffff]
Oct 11 05:53:31 vismaily kernel: [    1.144998] e820: reserve RAM buffer [mem 0x8cbf4000-0x8fffffff]
Oct 11 05:53:31 vismaily kernel: [    1.145000] e820: reserve RAM buffer [mem 0x93000000-0x93ffffff]
Oct 11 05:53:31 vismaily kernel: [    1.145001] e820: reserve RAM buffer [mem 0xa5f800000-0xa5fffffff]
Oct 11 05:53:31 vismaily kernel: [    1.145076] pci 0000:00:02.0: vgaarb: setting as boot VGA device
Oct 11 05:53:31 vismaily kernel: [    1.145079] pci 0000:00:02.0: vgaarb: bridge control possible
Oct 11 05:53:31 vismaily kernel: [    1.145082] pci 0000:00:02.0: vgaarb: VGA device added: decodes=io+mem,owns=mem,locks=none
Oct 11 05:53:31 vismaily kernel: [    1.145089] vgaarb: loaded
Oct 11 05:53:31 vismaily kernel: [    1.146149] clocksource: Switched to clocksource tsc-early
Oct 11 05:53:31 vismaily kernel: [    1.146224] VFS: Disk quotas dquot_6.6.0
Oct 11 05:53:31 vismaily kernel: [    1.146234] VFS: Dquot-cache hash table entries: 512 (order 0, 4096 bytes)
Oct 11 05:53:31 vismaily kernel: [    1.146274] pnp: PnP ACPI init
Oct 11 05:53:31 vismaily kernel: [    1.148400] system 00:00: [io  0x0680-0x069f] has been reserved
Oct 11 05:53:31 vismaily kernel: [    1.148407] system 00:00: [io  0x164e-0x164f] has been reserved
Oct 11 05:53:31 vismaily kernel: [    1.148531] system 00:01: [io  0x1854-0x1857] has been reserved
Oct 11 05:53:31 vismaily kernel: [    1.148626] system 00:04: [io  0x1800-0x189f] could not be reserved
Oct 11 05:53:31 vismaily kernel: [    1.148630] system 00:04: [io  0x0800-0x087f] has been reserved
Oct 11 05:53:31 vismaily kernel: [    1.148633] system 00:04: [io  0x0880-0x08ff] has been reserved
Oct 11 05:53:31 vismaily kernel: [    1.148636] system 00:04: [io  0x0900-0x097f] has been reserved
Oct 11 05:53:31 vismaily kernel: [    1.148639] system 00:04: [io  0x0980-0x09ff] has been reserved
Oct 11 05:53:31 vismaily kernel: [    1.148642] system 00:04: [io  0x0a00-0x0a7f] has been reserved
Oct 11 05:53:31 vismaily kernel: [    1.148645] system 00:04: [io  0x0a80-0x0aff] has been reserved
Oct 11 05:53:31 vismaily kernel: [    1.148647] system 00:04: [io  0x0b00-0x0b7f] has been reserved
Oct 11 05:53:31 vismaily kernel: [    1.148650] system 00:04: [io  0x0b80-0x0bff] has been reserved
Oct 11 05:53:31 vismaily kernel: [    1.148653] system 00:04: [mem 0xc0000000-0xcfffffff] has been reserved
Oct 11 05:53:31 vismaily kernel: [    1.148656] system 00:04: [mem 0xfed10000-0xfed13fff] has been reserved
Oct 11 05:53:31 vismaily kernel: [    1.148659] system 00:04: [mem 0xfed18000-0xfed18fff] has been reserved
Oct 11 05:53:31 vismaily kernel: [    1.148662] system 00:04: [mem 0xfed19000-0xfed19fff] has been reserved
Oct 11 05:53:31 vismaily kernel: [    1.148665] system 00:04: [mem 0xfeb00000-0xfebfffff] has been reserved
Oct 11 05:53:31 vismaily kernel: [    1.148668] system 00:04: [mem 0xfed20000-0xfed3ffff] has been reserved
Oct 11 05:53:31 vismaily kernel: [    1.148670] system 00:04: [mem 0xfed90000-0xfed93fff] has been reserved
Oct 11 05:53:31 vismaily kernel: [    1.149136] system 00:05: [mem 0xfedc0000-0xfedc7fff] has been reserved
Oct 11 05:53:31 vismaily kernel: [    1.149140] system 00:05: [mem 0xfeda0000-0xfeda0fff] has been reserved
Oct 11 05:53:31 vismaily kernel: [    1.149143] system 00:05: [mem 0xfeda1000-0xfeda1fff] has been reserved
Oct 11 05:53:31 vismaily kernel: [    1.149146] system 00:05: [mem 0xc0000000-0xcfffffff] has been reserved
Oct 11 05:53:31 vismaily kernel: [    1.149149] system 00:05: [mem 0xfed20000-0xfed7ffff] could not be reserved
Oct 11 05:53:31 vismaily kernel: [    1.149152] system 00:05: [mem 0xfed90000-0xfed93fff] has been reserved
Oct 11 05:53:31 vismaily kernel: [    1.149155] system 00:05: [mem 0xfed45000-0xfed8ffff] could not be reserved
Oct 11 05:53:31 vismaily kernel: [    1.149158] system 00:05: [mem 0xfee00000-0xfeefffff] has been reserved
Oct 11 05:53:31 vismaily kernel: [    1.149486] system 00:06: [io  0xff00-0xfffe] has been reserved
Oct 11 05:53:31 vismaily kernel: [    1.150368] pnp 00:08: disabling [mem 0x000c0000-0x000c3fff] because it overlaps 0000:00:02.0 BAR 6 [mem 0x000c0000-0x000dffff]
Oct 11 05:53:31 vismaily kernel: [    1.150374] pnp 00:08: disabling [mem 0x000c8000-0x000cbfff] because it overlaps 0000:00:02.0 BAR 6 [mem 0x000c0000-0x000dffff]
Oct 11 05:53:31 vismaily kernel: [    1.150379] pnp 00:08: disabling [mem 0x000d0000-0x000d3fff] because it overlaps 0000:00:02.0 BAR 6 [mem 0x000c0000-0x000dffff]
Oct 11 05:53:31 vismaily kernel: [    1.150384] pnp 00:08: disabling [mem 0x000d8000-0x000dbfff] because it overlaps 0000:00:02.0 BAR 6 [mem 0x000c0000-0x000dffff]
Oct 11 05:53:31 vismaily kernel: [    1.150411] system 00:08: [mem 0x00000000-0x0009ffff] could not be reserved
Oct 11 05:53:31 vismaily kernel: [    1.150415] system 00:08: [mem 0x000e0000-0x000e3fff] could not be reserved
Oct 11 05:53:31 vismaily kernel: [    1.150419] system 00:08: [mem 0x000e8000-0x000ebfff] could not be reserved
Oct 11 05:53:31 vismaily kernel: [    1.150422] system 00:08: [mem 0x000f0000-0x000fffff] could not be reserved
Oct 11 05:53:31 vismaily kernel: [    1.150425] system 00:08: [mem 0x00100000-0xa07fffff] could not be reserved
Oct 11 05:53:31 vismaily kernel: [    1.150428] system 00:08: [mem 0xfec00000-0xfed3ffff] could not be reserved
Oct 11 05:53:31 vismaily kernel: [    1.150431] system 00:08: [mem 0xfed4c000-0xffffffff] could not be reserved
Oct 11 05:53:31 vismaily kernel: [    1.150607] pnp: PnP ACPI: found 9 devices
Oct 11 05:53:31 vismaily kernel: [    1.156604] clocksource: acpi_pm: mask: 0xffffff max_cycles: 0xffffff, max_idle_ns: 2085701024 ns
Oct 11 05:53:31 vismaily kernel: [    1.156636] NET: Registered PF_INET protocol family
Oct 11 05:53:31 vismaily kernel: [    1.156856] IP idents hash table entries: 262144 (order: 9, 2097152 bytes, linear)
Oct 11 05:53:31 vismaily kernel: [    1.159651] tcp_listen_portaddr_hash hash table entries: 32768 (order: 7, 524288 bytes, linear)
Oct 11 05:53:31 vismaily kernel: [    1.159700] Table-perturb hash table entries: 65536 (order: 6, 262144 bytes, linear)
Oct 11 05:53:31 vismaily kernel: [    1.159709] TCP established hash table entries: 524288 (order: 10, 4194304 bytes, linear)
Oct 11 05:53:31 vismaily kernel: [    1.160145] TCP bind hash table entries: 65536 (order: 9, 2097152 bytes, linear)
Oct 11 05:53:31 vismaily kernel: [    1.160375] TCP: Hash tables configured (established 524288 bind 65536)
Oct 11 05:53:31 vismaily kernel: [    1.160406] UDP hash table entries: 32768 (order: 8, 1048576 bytes, linear)
Oct 11 05:53:31 vismaily kernel: [    1.160505] UDP-Lite hash table entries: 32768 (order: 8, 1048576 bytes, linear)
Oct 11 05:53:31 vismaily kernel: [    1.160627] NET: Registered PF_UNIX/PF_LOCAL protocol family
Oct 11 05:53:31 vismaily kernel: [    1.160724] RPC: Registered named UNIX socket transport module.
Oct 11 05:53:31 vismaily kernel: [    1.160727] RPC: Registered udp transport module.
Oct 11 05:53:31 vismaily kernel: [    1.160728] RPC: Registered tcp transport module.
Oct 11 05:53:31 vismaily kernel: [    1.160729] RPC: Registered tcp-with-tls transport module.
Oct 11 05:53:31 vismaily kernel: [    1.160731] RPC: Registered tcp NFSv4.1 backchannel transport module.
Oct 11 05:53:31 vismaily kernel: [    1.160736] pci 0000:00:07.0: bridge window [io  0x1000-0x0fff] to [bus 02-2b] add_size 1000
Oct 11 05:53:31 vismaily kernel: [    1.160748] pci 0000:00:07.0: BAR 7: assigned [io  0x4000-0x4fff]
Oct 11 05:53:31 vismaily kernel: [    1.160753] pci 0000:00:15.0: BAR 0: assigned [mem 0x4010000000-0x4010000fff 64bit]
Oct 11 05:53:31 vismaily kernel: [    1.160869] pci 0000:00:15.2: BAR 0: assigned [mem 0x4010001000-0x4010001fff 64bit]
Oct 11 05:53:31 vismaily kernel: [    1.160933] pci 0000:00:1f.5: BAR 0: assigned [mem 0xa0800000-0xa0800fff]
Oct 11 05:53:31 vismaily kernel: [    1.160946] pci 0000:00:06.0: PCI bridge to [bus 01]
Oct 11 05:53:31 vismaily kernel: [    1.160974] pci 0000:00:06.0:   bridge window [mem 0xae300000-0xae3fffff]
Oct 11 05:53:31 vismaily kernel: [    1.161009] pci 0000:00:07.0: PCI bridge to [bus 02-2b]
Oct 11 05:53:31 vismaily kernel: [    1.161012] pci 0000:00:07.0:   bridge window [io  0x4000-0x4fff]
Oct 11 05:53:31 vismaily kernel: [    1.161016] pci 0000:00:07.0:   bridge window [mem 0xa2000000-0xae1fffff]
Oct 11 05:53:31 vismaily kernel: [    1.161020] pci 0000:00:07.0:   bridge window [mem 0x6000000000-0x601bffffff 64bit pref]
Oct 11 05:53:31 vismaily kernel: [    1.161026] pci 0000:00:1c.0: PCI bridge to [bus 2c]
Oct 11 05:53:31 vismaily kernel: [    1.161045] pci 0000:00:1c.5: PCI bridge to [bus 2d]
Oct 11 05:53:31 vismaily kernel: [    1.161048] pci 0000:00:1c.5:   bridge window [io  0x2000-0x2fff]
Oct 11 05:53:31 vismaily kernel: [    1.161054] pci 0000:00:1c.5:   bridge window [mem 0xae200000-0xae2fffff]
Oct 11 05:53:31 vismaily kernel: [    1.161063] pci_bus 0000:00: resource 4 [io  0x0000-0x0cf7 window]
Oct 11 05:53:31 vismaily kernel: [    1.161066] pci_bus 0000:00: resource 5 [io  0x0d00-0xffff window]
Oct 11 05:53:31 vismaily kernel: [    1.161068] pci_bus 0000:00: resource 6 [mem 0x000a0000-0x000bffff window]
Oct 11 05:53:31 vismaily kernel: [    1.161070] pci_bus 0000:00: resource 7 [mem 0xa0800000-0xbfffffff window]
Oct 11 05:53:31 vismaily kernel: [    1.161072] pci_bus 0000:00: resource 8 [mem 0x4000000000-0x7fffffffff window]
Oct 11 05:53:31 vismaily kernel: [    1.161075] pci_bus 0000:01: resource 1 [mem 0xae300000-0xae3fffff]
Oct 11 05:53:31 vismaily kernel: [    1.161077] pci_bus 0000:02: resource 0 [io  0x4000-0x4fff]
Oct 11 05:53:31 vismaily kernel: [    1.161079] pci_bus 0000:02: resource 1 [mem 0xa2000000-0xae1fffff]
Oct 11 05:53:31 vismaily kernel: [    1.161081] pci_bus 0000:02: resource 2 [mem 0x6000000000-0x601bffffff 64bit pref]
Oct 11 05:53:31 vismaily kernel: [    1.161084] pci_bus 0000:2d: resource 0 [io  0x2000-0x2fff]
Oct 11 05:53:31 vismaily kernel: [    1.161086] pci_bus 0000:2d: resource 1 [mem 0xae200000-0xae2fffff]
Oct 11 05:53:31 vismaily kernel: [    1.161232] pci 0000:00:0d.0: enabling device (0000 -> 0002)
Oct 11 05:53:31 vismaily kernel: [    1.162372] PCI: CLS 0 bytes, default 64
Oct 11 05:53:31 vismaily kernel: [    1.162379] PCI-DMA: Using software bounce buffering for IO (SWIOTLB)
Oct 11 05:53:31 vismaily kernel: [    1.162381] software IO TLB: mapped [mem 0x0000000083160000-0x0000000087160000] (64MB)
Oct 11 05:53:31 vismaily kernel: [    1.162546] RAPL PMU: API unit is 2^-32 Joules, 3 fixed counters, 655360 ms ovfl timer
Oct 11 05:53:31 vismaily kernel: [    1.162549] RAPL PMU: hw unit of domain pp0-core 2^-14 Joules
Oct 11 05:53:31 vismaily kernel: [    1.162551] RAPL PMU: hw unit of domain package 2^-14 Joules
Oct 11 05:53:31 vismaily kernel: [    1.162552] RAPL PMU: hw unit of domain pp1-gpu 2^-14 Joules
Oct 11 05:53:31 vismaily kernel: [    1.162758] clocksource: tsc: mask: 0xffffffffffffffff max_cycles: 0x25a39079a08, max_idle_ns: 440795310461 ns
Oct 11 05:53:31 vismaily kernel: [    1.162779] clocksource: Switched to clocksource tsc
Oct 11 05:53:31 vismaily kernel: [    1.162798] platform rtc_cmos: registered platform RTC device (no PNP device found)
Oct 11 05:53:31 vismaily kernel: [    1.164039] Initialise system trusted keyrings
Oct 11 05:53:31 vismaily kernel: [    1.164080] workingset: timestamp_bits=40 max_order=24 bucket_order=0
Oct 11 05:53:31 vismaily kernel: [    1.164194] NFS: Registering the id_resolver key type
Oct 11 05:53:31 vismaily kernel: [    1.164199] Key type id_resolver registered
Oct 11 05:53:31 vismaily kernel: [    1.164201] Key type id_legacy registered
Oct 11 05:53:31 vismaily kernel: [    1.164224] 9p: Installing v9fs 9p2000 file system support
Oct 11 05:53:31 vismaily kernel: [    1.170895] Key type asymmetric registered
Oct 11 05:53:31 vismaily kernel: [    1.170898] Asymmetric key parser 'x509' registered
Oct 11 05:53:31 vismaily kernel: [    1.170909] Block layer SCSI generic (bsg) driver version 0.4 loaded (major 251)
Oct 11 05:53:31 vismaily kernel: [    1.170921] io scheduler mq-deadline registered
Oct 11 05:53:31 vismaily kernel: [    1.170923] io scheduler kyber registered
Oct 11 05:53:31 vismaily kernel: [    1.171402] pcieport 0000:00:06.0: PME: Signaling with IRQ 120
Oct 11 05:53:31 vismaily kernel: [    1.171667] pcieport 0000:00:07.0: PME: Signaling with IRQ 121
Oct 11 05:53:31 vismaily kernel: [    1.171824] pcieport 0000:00:1c.0: PME: Signaling with IRQ 122
Oct 11 05:53:31 vismaily kernel: [    1.172064] pcieport 0000:00:1c.5: PME: Signaling with IRQ 123
Oct 11 05:53:31 vismaily kernel: [    1.173616] ACPI: AC: AC Adapter [AC] (on-line)
Oct 11 05:53:31 vismaily kernel: [    1.173677] input: Sleep Button as /devices/LNXSYSTM:00/LNXSYBUS:00/PNP0C0E:00/input/input0
Oct 11 05:53:31 vismaily kernel: [    1.173707] ACPI: button: Sleep Button [SLPB]
Oct 11 05:53:31 vismaily kernel: [    1.173732] input: Lid Switch as /devices/LNXSYSTM:00/LNXSYBUS:00/PNP0C0D:00/input/input1
Oct 11 05:53:31 vismaily kernel: [    1.173751] ACPI: button: Lid Switch [LID]
Oct 11 05:53:31 vismaily kernel: [    1.173776] input: Power Button as /devices/LNXSYSTM:00/LNXSYBUS:00/PNP0C0C:00/input/input2
Oct 11 05:53:31 vismaily kernel: [    1.173790] ACPI: button: Power Button [PWRB]
Oct 11 05:53:31 vismaily kernel: [    1.174159] Monitor-Mwait will be used to enter C-1 state
Oct 11 05:53:31 vismaily kernel: [    1.174163] Monitor-Mwait will be used to enter C-2 state
Oct 11 05:53:31 vismaily kernel: [    1.174165] Monitor-Mwait will be used to enter C-3 state
Oct 11 05:53:31 vismaily kernel: [    1.174167] ACPI: \_SB_.PR00: Found 3 idle states
Oct 11 05:53:31 vismaily kernel: [    1.174459] ACPI: \_SB_.PR01: Found 3 idle states
Oct 11 05:53:31 vismaily kernel: [    1.174815] ACPI: \_SB_.PR02: Found 3 idle states
Oct 11 05:53:31 vismaily kernel: [    1.175134] ACPI: \_SB_.PR03: Found 3 idle states
Oct 11 05:53:31 vismaily kernel: [    1.175472] ACPI: \_SB_.PR04: Found 3 idle states
Oct 11 05:53:31 vismaily kernel: [    1.175784] ACPI: \_SB_.PR05: Found 3 idle states
Oct 11 05:53:31 vismaily kernel: [    1.176149] ACPI: \_SB_.PR06: Found 3 idle states
Oct 11 05:53:31 vismaily kernel: [    1.176445] ACPI: \_SB_.PR07: Found 3 idle states
Oct 11 05:53:31 vismaily kernel: [    1.176791] ACPI: \_SB_.PR08: Found 3 idle states
Oct 11 05:53:31 vismaily kernel: [    1.177110] ACPI: \_SB_.PR09: Found 3 idle states
Oct 11 05:53:31 vismaily kernel: [    1.177439] ACPI: \_SB_.PR10: Found 3 idle states
Oct 11 05:53:31 vismaily kernel: [    1.177757] ACPI: \_SB_.PR11: Found 3 idle states
Oct 11 05:53:31 vismaily kernel: [    1.177901] Serial: 8250/16550 driver, 4 ports, IRQ sharing enabled
Oct 11 05:53:31 vismaily kernel: [    1.178500] hpet_acpi_add: no address or irqs in _CRS
Oct 11 05:53:31 vismaily kernel: [    1.178692] Non-volatile memory driver v1.3
Oct 11 05:53:31 vismaily kernel: [    1.178694] Linux agpgart interface v0.103
Oct 11 05:53:31 vismaily kernel: [    1.178868] ACPI: bus type drm_connector registered
Oct 11 05:53:31 vismaily kernel: [    1.178892] i915 0000:00:02.0: enabling device (0006 -> 0007)
Oct 11 05:53:31 vismaily kernel: [    1.180363] i915 0000:00:02.0: vgaarb: deactivate vga console
Oct 11 05:53:31 vismaily kernel: [    1.180404] i915 0000:00:02.0: [drm] Transparent Hugepage support is recommended for optimal performance on this platform!
Oct 11 05:53:31 vismaily kernel: [    1.181220] i915 0000:00:02.0: vgaarb: VGA decodes changed: olddecodes=io+mem,decodes=io+mem:owns=mem
Oct 11 05:53:31 vismaily kernel: [    1.181445] i915 0000:00:02.0: Direct firmware load for i915/adlp_dmc.bin failed with error -2
Oct 11 05:53:31 vismaily kernel: [    1.181453] i915 0000:00:02.0: Direct firmware load for i915/adlp_dmc_ver2_16.bin failed with error -2
Oct 11 05:53:31 vismaily kernel: [    1.181456] i915 0000:00:02.0: [drm] Failed to load DMC firmware i915/adlp_dmc.bin. Disabling runtime power management.
Oct 11 05:53:31 vismaily kernel: [    1.181458] i915 0000:00:02.0: [drm] DMC firmware homepage: https://git.kernel.org/pub/scm/linux/kernel/git/firmware/linux-firmware.git/tree/i915
Oct 11 05:53:31 vismaily kernel: [    1.190707] i915 0000:00:02.0: [drm] *ERROR* GT0: GuC firmware i915/adlp_guc_70.bin: fetch failed -ENOENT
Oct 11 05:53:31 vismaily kernel: [    1.190719] i915 0000:00:02.0: [drm] GT0: GuC firmware(s) can be downloaded from https://git.kernel.org/pub/scm/linux/kernel/git/firmware/linux-firmware.git/tree/i915
Oct 11 05:53:31 vismaily kernel: [    1.191615] i915 0000:00:02.0: [drm] GT0: GuC firmware i915/adlp_guc_70.bin version 0.0.0
Oct 11 05:53:31 vismaily kernel: [    1.191694] i915 0000:00:02.0: [drm] *ERROR* GT0: GuC initialization failed -ENOENT
Oct 11 05:53:31 vismaily kernel: [    1.191699] i915 0000:00:02.0: [drm] *ERROR* GT0: Enabling uc failed (-5)
Oct 11 05:53:31 vismaily kernel: [    1.191703] i915 0000:00:02.0: [drm] *ERROR* GT0: Failed to initialize GPU, declaring it wedged!
Oct 11 05:53:31 vismaily kernel: [    1.192100] i915 0000:00:02.0: [drm:add_taint_for_CI] CI tainted:0x9 by intel_gt_init+0xae/0x340
Oct 11 05:53:31 vismaily kernel: [    1.247909] ACPI: battery: Slot [BAT0] (battery present)
Oct 11 05:53:31 vismaily kernel: [    2.367660] [drm] Initialized i915 1.6.0 20201103 for 0000:00:02.0 on minor 0
Oct 11 05:53:31 vismaily kernel: [    2.369458] ACPI: video: Video Device [GFX0] (multi-head: yes  rom: no  post: no)
Oct 11 05:53:31 vismaily kernel: [    2.369720] input: Video Bus as /devices/LNXSYSTM:00/LNXSYBUS:00/PNP0A08:00/LNXVIDEO:00/input/input3
Oct 11 05:53:31 vismaily kernel: [    2.372264] loop: module loaded
Oct 11 05:53:31 vismaily kernel: [    2.372517] nvme 0000:01:00.0: platform quirk: setting simple suspend
Oct 11 05:53:31 vismaily kernel: [    2.372603] nvme nvme0: pci function 0000:01:00.0
Oct 11 05:53:31 vismaily kernel: [    2.372779] e100: Intel(R) PRO/100 Network Driver
Oct 11 05:53:31 vismaily kernel: [    2.372784] e100: Copyright(c) 1999-2006 Intel Corporation
Oct 11 05:53:31 vismaily kernel: [    2.372801] e1000: Intel(R) PRO/1000 Network Driver
Oct 11 05:53:31 vismaily kernel: [    2.372804] e1000: Copyright (c) 1999-2006 Intel Corporation.
Oct 11 05:53:31 vismaily kernel: [    2.372816] e1000e: Intel(R) PRO/1000 Network Driver
Oct 11 05:53:31 vismaily kernel: [    2.372818] e1000e: Copyright(c) 1999 - 2015 Intel Corporation.
Oct 11 05:53:31 vismaily kernel: [    2.373714] e1000e 0000:00:1f.6: Interrupt Throttling Rate (ints/sec) set to dynamic conservative mode
Oct 11 05:53:31 vismaily kernel: [    2.381121] nvme nvme0: allocated 32 MiB host memory buffer.
Oct 11 05:53:31 vismaily kernel: [    2.382638] nvme nvme0: 12/0/0 default/read/poll queues
Oct 11 05:53:31 vismaily kernel: [    2.386541]  nvme0n1: p1 p2 p3 p4 p5 p6 p7 p8 p9
Oct 11 05:53:31 vismaily kernel: [    2.397347] fbcon: i915drmfb (fb0) is primary device
Oct 11 05:53:31 vismaily kernel: [    2.418063] Console: switching to colour frame buffer device 240x67
Oct 11 05:53:31 vismaily kernel: [    2.434833] i915 0000:00:02.0: [drm] fb0: i915drmfb frame buffer device
Oct 11 05:53:31 vismaily kernel: [    2.570194] e1000e 0000:00:1f.6 0000:00:1f.6 (uninitialized): registered PHC clock
Oct 11 05:53:31 vismaily kernel: [    2.637223] e1000e 0000:00:1f.6 eth0: (PCI Express:2.5GT/s:Width x1) 9c:2d:cd:d0:89:ae
Oct 11 05:53:31 vismaily kernel: [    2.637276] e1000e 0000:00:1f.6 eth0: Intel(R) PRO/1000 Network Connection
Oct 11 05:53:31 vismaily kernel: [    2.637495] e1000e 0000:00:1f.6 eth0: MAC: 15, PHY: 12, PBA No: FFFFFF-0FF
Oct 11 05:53:31 vismaily kernel: [    2.637556] sky2: driver version 1.30
Oct 11 05:53:31 vismaily kernel: [    2.637847] xhci_hcd 0000:00:0d.0: xHCI Host Controller
Oct 11 05:53:31 vismaily kernel: [    2.638013] xhci_hcd 0000:00:0d.0: new USB bus registered, assigned bus number 1
Oct 11 05:53:31 vismaily kernel: [    2.639122] xhci_hcd 0000:00:0d.0: hcc params 0x20007fc1 hci version 0x120 quirks 0x0000000200009810
Oct 11 05:53:31 vismaily kernel: [    2.639405] xhci_hcd 0000:00:0d.0: xHCI Host Controller
Oct 11 05:53:31 vismaily kernel: [    2.639509] xhci_hcd 0000:00:0d.0: new USB bus registered, assigned bus number 2
Oct 11 05:53:31 vismaily kernel: [    2.639551] xhci_hcd 0000:00:0d.0: Host supports USB 3.2 Enhanced SuperSpeed
Oct 11 05:53:31 vismaily kernel: [    2.639629] usb usb1: New USB device found, idVendor=1d6b, idProduct=0002, bcdDevice= 6.06
Oct 11 05:53:31 vismaily kernel: [    2.639675] usb usb1: New USB device strings: Mfr=3, Product=2, SerialNumber=1
Oct 11 05:53:31 vismaily kernel: [    2.639712] usb usb1: Product: xHCI Host Controller
Oct 11 05:53:31 vismaily kernel: [    2.639727] usb usb1: Manufacturer: Linux 6.6.0-rc4-00029-gcbf3a2cb156a xhci-hcd
Oct 11 05:53:31 vismaily kernel: [    2.639771] usb usb1: SerialNumber: 0000:00:0d.0
Oct 11 05:53:31 vismaily kernel: [    2.640039] hub 1-0:1.0: USB hub found
Oct 11 05:53:31 vismaily kernel: [    2.640077] hub 1-0:1.0: 1 port detected
Oct 11 05:53:31 vismaily kernel: [    2.640585] usb usb2: New USB device found, idVendor=1d6b, idProduct=0003, bcdDevice= 6.06
Oct 11 05:53:31 vismaily kernel: [    2.640632] usb usb2: New USB device strings: Mfr=3, Product=2, SerialNumber=1
Oct 11 05:53:31 vismaily kernel: [    2.640671] usb usb2: Product: xHCI Host Controller
Oct 11 05:53:31 vismaily kernel: [    2.640687] usb usb2: Manufacturer: Linux 6.6.0-rc4-00029-gcbf3a2cb156a xhci-hcd
Oct 11 05:53:31 vismaily kernel: [    2.640724] usb usb2: SerialNumber: 0000:00:0d.0
Oct 11 05:53:31 vismaily kernel: [    2.640925] hub 2-0:1.0: USB hub found
Oct 11 05:53:31 vismaily kernel: [    2.640961] hub 2-0:1.0: 4 ports detected
Oct 11 05:53:31 vismaily kernel: [    2.642071] usb: port power management may be unreliable
Oct 11 05:53:31 vismaily kernel: [    2.642894] xhci_hcd 0000:00:14.0: xHCI Host Controller
Oct 11 05:53:31 vismaily kernel: [    2.643012] xhci_hcd 0000:00:14.0: new USB bus registered, assigned bus number 3
Oct 11 05:53:31 vismaily kernel: [    2.644226] xhci_hcd 0000:00:14.0: hcc params 0x20007fc1 hci version 0x120 quirks 0x0000100200009810
Oct 11 05:53:31 vismaily kernel: [    2.644625] xhci_hcd 0000:00:14.0: xHCI Host Controller
Oct 11 05:53:31 vismaily kernel: [    2.644691] xhci_hcd 0000:00:14.0: new USB bus registered, assigned bus number 4
Oct 11 05:53:31 vismaily kernel: [    2.644735] xhci_hcd 0000:00:14.0: Host supports USB 3.1 Enhanced SuperSpeed
Oct 11 05:53:31 vismaily kernel: [    2.644851] usb usb3: New USB device found, idVendor=1d6b, idProduct=0002, bcdDevice= 6.06
Oct 11 05:53:31 vismaily kernel: [    2.644897] usb usb3: New USB device strings: Mfr=3, Product=2, SerialNumber=1
Oct 11 05:53:31 vismaily kernel: [    2.644934] usb usb3: Product: xHCI Host Controller
Oct 11 05:53:31 vismaily kernel: [    2.644950] usb usb3: Manufacturer: Linux 6.6.0-rc4-00029-gcbf3a2cb156a xhci-hcd
Oct 11 05:53:31 vismaily kernel: [    2.644988] usb usb3: SerialNumber: 0000:00:14.0
Oct 11 05:53:31 vismaily kernel: [    2.645149] hub 3-0:1.0: USB hub found
Oct 11 05:53:31 vismaily kernel: [    2.645206] hub 3-0:1.0: 12 ports detected
Oct 11 05:53:31 vismaily kernel: [    2.646717] usb usb4: New USB device found, idVendor=1d6b, idProduct=0003, bcdDevice= 6.06
Oct 11 05:53:31 vismaily kernel: [    2.648471] usb usb4: New USB device strings: Mfr=3, Product=2, SerialNumber=1
Oct 11 05:53:31 vismaily kernel: [    2.650190] usb usb4: Product: xHCI Host Controller
Oct 11 05:53:31 vismaily kernel: [    2.651897] usb usb4: Manufacturer: Linux 6.6.0-rc4-00029-gcbf3a2cb156a xhci-hcd
Oct 11 05:53:31 vismaily kernel: [    2.653619] usb usb4: SerialNumber: 0000:00:14.0
Oct 11 05:53:31 vismaily kernel: [    2.655477] hub 4-0:1.0: USB hub found
Oct 11 05:53:31 vismaily kernel: [    2.657207] hub 4-0:1.0: 4 ports detected
Oct 11 05:53:31 vismaily kernel: [    2.659208] usbcore: registered new interface driver usblp
Oct 11 05:53:31 vismaily kernel: [    2.660931] usbcore: registered new interface driver usb-storage
Oct 11 05:53:31 vismaily kernel: [    2.662626] i8042: PNP: PS/2 Controller [PNP0303:KBD,PNP0f13:MOU] at 0x60,0x64 irq 1,12
Oct 11 05:53:31 vismaily kernel: [    2.669777] serio: i8042 KBD port at 0x60,0x64 irq 1
Oct 11 05:53:31 vismaily kernel: [    2.671447] serio: i8042 AUX port at 0x60,0x64 irq 12
Oct 11 05:53:31 vismaily kernel: [    2.673517] rtc_cmos rtc_cmos: RTC can wake from S4
Oct 11 05:53:31 vismaily kernel: [    2.676212] rtc_cmos rtc_cmos: registered as rtc0
Oct 11 05:53:31 vismaily kernel: [    2.677879] rtc_cmos rtc_cmos: alarms up to one month, y3k, 114 bytes nvram
Oct 11 05:53:31 vismaily kernel: [    2.679546] fail to initialize ptp_kvm
Oct 11 05:53:31 vismaily kernel: [    2.679613] i801_smbus 0000:00:1f.4: enabling device (0001 -> 0003)
Oct 11 05:53:31 vismaily kernel: [    2.683106] i801_smbus 0000:00:1f.4: SPD Write Disable is set
Oct 11 05:53:31 vismaily kernel: [    2.683782] device-mapper: ioctl: 4.48.0-ioctl (2023-03-01) initialised: dm-devel@redhat.com
Oct 11 05:53:31 vismaily kernel: [    2.684206] input: AT Translated Set 2 keyboard as /devices/platform/i8042/serio0/input/input4
Oct 11 05:53:31 vismaily kernel: [    2.684767] i801_smbus 0000:00:1f.4: SMBus using PCI interrupt
Oct 11 05:53:31 vismaily kernel: [    2.685833] intel_pstate: Intel P-state driver initializing
Oct 11 05:53:31 vismaily kernel: [    2.689095] i2c i2c-13: 2/8 memory slots populated (from DMI)
Oct 11 05:53:31 vismaily kernel: [    2.690079] i2c i2c-13: Systems with more than 4 memory slots not supported yet, not instantiating SPD
Oct 11 05:53:31 vismaily kernel: [    2.691830] intel_pstate: HWP enabled
Oct 11 05:53:31 vismaily kernel: [    2.692731] hid: raw HID events driver (C) Jiri Kosina
Oct 11 05:53:31 vismaily kernel: [    2.693275] usbcore: registered new interface driver usbhid
Oct 11 05:53:31 vismaily kernel: [    2.693738] usbhid: USB HID core driver
Oct 11 05:53:31 vismaily kernel: [    2.694482] snd_hda_intel 0000:00:1f.3: DSP detected with PCI class/subclass/prog-if info 0x040100
Oct 11 05:53:31 vismaily kernel: [    2.695648] Initializing XFRM netlink socket
Oct 11 05:53:31 vismaily kernel: [    2.696565] NET: Registered PF_INET6 protocol family
Oct 11 05:53:31 vismaily kernel: [    2.697441] Segment Routing with IPv6
Oct 11 05:53:31 vismaily kernel: [    2.697925] In-situ OAM (IOAM) with IPv6
Oct 11 05:53:31 vismaily kernel: [    2.698411] sit: IPv6, IPv4 and MPLS over IPv4 tunneling driver
Oct 11 05:53:31 vismaily kernel: [    2.698948] NET: Registered PF_PACKET protocol family
Oct 11 05:53:31 vismaily kernel: [    2.699419] 9pnet: Installing 9P2000 support
Oct 11 05:53:31 vismaily kernel: [    2.699892] Key type dns_resolver registered
Oct 11 05:53:31 vismaily kernel: [    2.701626] microcode: Microcode Update Driver: v2.2.
Oct 11 05:53:31 vismaily kernel: [    2.701629] IPI shorthand broadcast: enabled
Oct 11 05:53:31 vismaily kernel: [    2.703609] sched_clock: Marking stable (2695000610, 7761222)->(2737936861, -35175029)
Oct 11 05:53:31 vismaily kernel: [    2.704431] registered taskstats version 1
Oct 11 05:53:31 vismaily kernel: [    2.704899] Loading compiled-in X.509 certificates
Oct 11 05:53:31 vismaily kernel: [    2.706084] PM:   Magic number: 11:717:870
Oct 11 05:53:31 vismaily kernel: [    2.706551] i2c i2c-0: hash matches
Oct 11 05:53:31 vismaily kernel: [    2.707054] printk: console [netcon0] enabled
Oct 11 05:53:31 vismaily kernel: [    2.707508] netconsole: network logging started
Oct 11 05:53:31 vismaily kernel: [    2.708002] ALSA device list:
Oct 11 05:53:31 vismaily kernel: [    2.708454]   No soundcards found.
Oct 11 05:53:31 vismaily kernel: [    2.884875] usb 3-1: new high-speed USB device number 2 using xhci_hcd
Oct 11 05:53:31 vismaily kernel: [    3.034460] usb 3-1: New USB device found, idVendor=17ef, idProduct=30af, bcdDevice=60.90
Oct 11 05:53:31 vismaily kernel: [    3.039021] usb 3-1: New USB device strings: Mfr=10, Product=11, SerialNumber=0
Oct 11 05:53:31 vismaily kernel: [    3.039906] usb 3-1: Product: USB2.0 Hub
Oct 11 05:53:31 vismaily kernel: [    3.040744] usb 3-1: Manufacturer: Lenovo
Oct 11 05:53:31 vismaily kernel: [    3.044127] hub 3-1:1.0: USB hub found
Oct 11 05:53:31 vismaily kernel: [    3.046492] hub 3-1:1.0: 3 ports detected
Oct 11 05:53:31 vismaily kernel: [    3.094432] usb 2-1: new SuperSpeed Plus Gen 2x1 USB device number 2 using xhci_hcd
Oct 11 05:53:31 vismaily kernel: [    3.414422] input: PS/2 Logitech Wheel Mouse as /devices/platform/i8042/serio1/input/input6
Oct 11 05:53:31 vismaily kernel: [    4.055412] snd_hda_intel 0000:00:1f.3: bound 0000:00:02.0 (ops i915_audio_component_bind_ops)
Oct 11 05:53:31 vismaily kernel: [    4.059883] md: Waiting for all devices to be available before autodetect
Oct 11 05:53:31 vismaily kernel: [    4.060869] usb 2-1: New USB device found, idVendor=17ef, idProduct=30ab, bcdDevice=51.14
Oct 11 05:53:31 vismaily kernel: [    4.062662] md: If you don't use raid, use raid=noautodetect
Oct 11 05:53:31 vismaily kernel: [    4.062667] md: Autodetecting RAID arrays.
Oct 11 05:53:31 vismaily kernel: [    4.062669] md: autorun ...
Oct 11 05:53:31 vismaily kernel: [    4.062671] md: ... autorun DONE.
Oct 11 05:53:31 vismaily kernel: [    4.079272] snd_hda_intel 0000:00:1f.3: Cannot probe codecs, giving up
Oct 11 05:53:31 vismaily kernel: [    4.080633] usb 2-1: New USB device strings: Mfr=1, Product=2, SerialNumber=3
Oct 11 05:53:31 vismaily kernel: [    4.084915] usb 2-1: Product: USB3.1 Hub             
Oct 11 05:53:31 vismaily kernel: [    4.086058] usb 2-1: Manufacturer: VIA Labs, Inc.         
Oct 11 05:53:31 vismaily kernel: [    4.087039] usb 2-1: SerialNumber: 000000001
Oct 11 05:53:31 vismaily kernel: [    4.088798] EXT4-fs (nvme0n1p8): mounted filesystem f886bd17-b8aa-4a7f-bc8b-6c2ee5fe86d1 ro with ordered data mode. Quota mode: none.
Oct 11 05:53:31 vismaily kernel: [    4.089286] hub 2-1:1.0: USB hub found
Oct 11 05:53:31 vismaily kernel: [    4.089436] VFS: Mounted root (ext4 filesystem) readonly on device 259:8.
Oct 11 05:53:31 vismaily kernel: [    4.091118] hub 2-1:1.0: 4 ports detected
Oct 11 05:53:31 vismaily kernel: [    4.091225] devtmpfs: mounted
Oct 11 05:53:31 vismaily kernel: [    4.093378] Freeing unused kernel image (initmem) memory: 2608K
Oct 11 05:53:31 vismaily kernel: [    4.099059] Write protecting the kernel read-only data: 24576k
Oct 11 05:53:31 vismaily kernel: [    4.100989] Freeing unused kernel image (rodata/data gap) memory: 1900K
Oct 11 05:53:31 vismaily kernel: [    4.105820] x86/mm: Checked W+X mappings: passed, no W+X pages found.
Oct 11 05:53:31 vismaily kernel: [    4.106434] Run /sbin/init as init process
Oct 11 05:53:31 vismaily kernel: [    4.107050]   with arguments:
Oct 11 05:53:31 vismaily kernel: [    4.107051]     /sbin/init
Oct 11 05:53:31 vismaily kernel: [    4.107051]   with environment:
Oct 11 05:53:31 vismaily kernel: [    4.107052]     HOME=/
Oct 11 05:53:31 vismaily kernel: [    4.107052]     TERM=linux
Oct 11 05:53:31 vismaily kernel: [    4.107052]     BOOT_IMAGE=/vmlinuz-6.6.0-vismaily
Oct 11 05:53:31 vismaily kernel: [    4.122894] stty (128) used greatest stack depth: 13848 bytes left
Oct 11 05:53:31 vismaily kernel: [    4.126492] dmesg (129) used greatest stack depth: 13600 bytes left
Oct 11 05:53:31 vismaily kernel: [    4.141511] sed (141) used greatest stack depth: 13520 bytes left
Oct 11 05:53:31 vismaily kernel: [    4.146558] sed (150) used greatest stack depth: 13464 bytes left
Oct 11 05:53:31 vismaily kernel: [    4.173934] usb 3-6: new high-speed USB device number 3 using xhci_hcd
Oct 11 05:53:31 vismaily kernel: [    4.229433] ip (228) used greatest stack depth: 13400 bytes left
Oct 11 05:53:31 vismaily kernel: [    4.230806] ip (229) used greatest stack depth: 12896 bytes left
Oct 11 05:53:31 vismaily kernel: <30>[    4.278836] udevd[254]: Starting systemd-udevd version 254
Oct 11 05:53:31 vismaily kernel: <30>[    4.281548] udevd[255]: Using default interface naming scheme 'v253'.
Oct 11 05:53:31 vismaily kernel: [    4.303042] usb 3-6: config 1 interface 0 altsetting 0 bulk endpoint 0x82 has invalid maxpacket 64
Oct 11 05:53:31 vismaily kernel: [    4.306860] usb 3-6: New USB device found, idVendor=10a5, idProduct=9800, bcdDevice=23.22
Oct 11 05:53:31 vismaily kernel: [    4.306863] usb 3-6: New USB device strings: Mfr=1, Product=2, SerialNumber=0
Oct 11 05:53:31 vismaily kernel: [    4.306865] usb 3-6: Product: FPC Sensor Controller L:0002 FW:16.26.23.22
Oct 11 05:53:31 vismaily kernel: [    4.306866] usb 3-6: Manufacturer: FPC
Oct 11 05:53:31 vismaily kernel: [    4.365912] usb 3-1.1: new high-speed USB device number 4 using xhci_hcd
Oct 11 05:53:31 vismaily kernel: [    4.370517] e1000e 0000:00:1f.6 enp0s31f6: renamed from eth0
Oct 11 05:53:31 vismaily kernel: [    4.388138] cfg80211: Loading compiled-in X.509 certificates for regulatory database
Oct 11 05:53:31 vismaily kernel: [    4.390699] Loaded X.509 cert 'sforshee: 00b28ddf47aef9cea7'
Oct 11 05:53:31 vismaily kernel: [    4.391379] platform regulatory.0: Direct firmware load for regulatory.db failed with error -2
Oct 11 05:53:31 vismaily kernel: [    4.391908] cfg80211: failed to load regulatory.db
Oct 11 05:53:31 vismaily kernel: [    4.403973] rtw89_8852be 0000:2d:00.0: Direct firmware load for rtw89/rtw8852b_fw-1.bin failed with error -2
Oct 11 05:53:31 vismaily kernel: [    4.404599] rtw89_8852be 0000:2d:00.0: Direct firmware load for rtw89/rtw8852b_fw.bin failed with error -2
Oct 11 05:53:31 vismaily kernel: [    4.405219] rtw89_8852be 0000:2d:00.0: failed to early request firmware: -2
Oct 11 05:53:31 vismaily kernel: [    4.405806] rtw89_8852be 0000:2d:00.0: Direct firmware load for rtw89/rtw8852b_fw.bin failed with error -2
Oct 11 05:53:31 vismaily kernel: [    4.406414] rtw89_8852be 0000:2d:00.0: enabling device (0000 -> 0003)
Oct 11 05:53:31 vismaily kernel: [    4.407859] rtw89_8852be 0000:2d:00.0: failed to wait firmware completion
Oct 11 05:53:31 vismaily kernel: [    4.408360] rtw89_8852be 0000:2d:00.0: failed to setup chip information
Oct 11 05:53:31 vismaily kernel: [    4.409745] rtw89_8852be: probe of 0000:2d:00.0 failed with error -22
Oct 11 05:53:31 vismaily kernel: [    4.450753] usb 3-1.1: New USB device found, idVendor=17ef, idProduct=30ac, bcdDevice=51.14
Oct 11 05:53:31 vismaily kernel: [    4.450782] usb 3-1.1: New USB device strings: Mfr=1, Product=2, SerialNumber=3
Oct 11 05:53:31 vismaily kernel: [    4.450790] usb 3-1.1: Product: USB2.0 Hub             
Oct 11 05:53:31 vismaily kernel: [    4.450795] usb 3-1.1: Manufacturer: VIA Labs, Inc.         
Oct 11 05:53:31 vismaily kernel: [    4.450800] usb 3-1.1: SerialNumber: 000000001
Oct 11 05:53:31 vismaily kernel: [    4.452854] hub 3-1.1:1.0: USB hub found
Oct 11 05:53:31 vismaily kernel: [    4.453637] hub 3-1.1:1.0: 4 ports detected
Oct 11 05:53:31 vismaily kernel: [    4.561962] usb 3-7: new high-speed USB device number 5 using xhci_hcd
Oct 11 05:53:31 vismaily kernel: [    4.695628] usb 3-7: New USB device found, idVendor=174f, idProduct=1811, bcdDevice= 0.24
Oct 11 05:53:31 vismaily kernel: [    4.695655] usb 3-7: New USB device strings: Mfr=3, Product=1, SerialNumber=2
Oct 11 05:53:31 vismaily kernel: [    4.695667] usb 3-7: Product: Integrated Camera
Oct 11 05:53:31 vismaily kernel: [    4.695676] usb 3-7: Manufacturer:  
Oct 11 05:53:31 vismaily kernel: [    4.695684] usb 3-7: SerialNumber: 0001
Oct 11 05:53:31 vismaily kernel: [    4.815960] usb 3-10: new full-speed USB device number 6 using xhci_hcd
Oct 11 05:53:31 vismaily kernel: [    4.944591] usb 3-10: New USB device found, idVendor=0bda, idProduct=4853, bcdDevice= 0.00
Oct 11 05:53:31 vismaily kernel: [    4.944618] usb 3-10: New USB device strings: Mfr=1, Product=2, SerialNumber=3
Oct 11 05:53:31 vismaily kernel: [    4.944631] usb 3-10: Product: Bluetooth Radio
Oct 11 05:53:31 vismaily kernel: [    4.944639] usb 3-10: Manufacturer: Realtek
Oct 11 05:53:31 vismaily kernel: [    4.944647] usb 3-10: SerialNumber: 00e04c000001
Oct 11 05:53:31 vismaily kernel: [    5.007937] usb 3-1.2: new full-speed USB device number 7 using xhci_hcd
Oct 11 05:53:31 vismaily kernel: [    5.071212] usb 2-1.1: new SuperSpeed USB device number 3 using xhci_hcd
Oct 11 05:53:31 vismaily kernel: [    5.085682] usb 2-1.1: New USB device found, idVendor=0bda, idProduct=8153, bcdDevice=31.23
Oct 11 05:53:31 vismaily kernel: [    5.085711] usb 2-1.1: New USB device strings: Mfr=1, Product=2, SerialNumber=6
Oct 11 05:53:31 vismaily kernel: [    5.085724] usb 2-1.1: Product: Realtek USB LAN
Oct 11 05:53:31 vismaily kernel: [    5.085732] usb 2-1.1: Manufacturer: Realtek
Oct 11 05:53:31 vismaily kernel: [    5.085740] usb 2-1.1: SerialNumber: 321000001
Oct 11 05:53:31 vismaily kernel: [    5.108611] usb 3-1.2: New USB device found, idVendor=17ef, idProduct=30b0, bcdDevice= 0.42
Oct 11 05:53:31 vismaily kernel: [    5.108631] usb 3-1.2: New USB device strings: Mfr=1, Product=2, SerialNumber=3
Oct 11 05:53:31 vismaily kernel: [    5.108639] usb 3-1.2: Product: ThinkPad USB-C Dock Audio
Oct 11 05:53:31 vismaily kernel: [    5.108644] usb 3-1.2: Manufacturer: Lenovo
Oct 11 05:53:31 vismaily kernel: [    5.108649] usb 3-1.2: SerialNumber: 000000000000
Oct 11 05:53:31 vismaily kernel: [    5.121745] hid-generic 0003:17EF:30B0.0001: hiddev96,hidraw0: USB HID v1.11 Device [Lenovo ThinkPad USB-C Dock Audio] on usb-0000:00:14.0-1.2/input3
Oct 11 05:53:31 vismaily kernel: [    5.155040] usb 2-1.2: new SuperSpeed USB device number 4 using xhci_hcd
Oct 11 05:53:31 vismaily kernel: [    5.186639] usb 2-1.2: New USB device found, idVendor=0bda, idProduct=0409, bcdDevice= 1.46
Oct 11 05:53:31 vismaily kernel: [    5.186666] usb 2-1.2: New USB device strings: Mfr=1, Product=2, SerialNumber=0
Oct 11 05:53:31 vismaily kernel: [    5.186679] usb 2-1.2: Product: USB3.2 Hub
Oct 11 05:53:31 vismaily kernel: [    5.186688] usb 2-1.2: Manufacturer: Generic
Oct 11 05:53:31 vismaily kernel: [    5.188936] usb 3-1.3: new full-speed USB device number 8 using xhci_hcd
Oct 11 05:53:31 vismaily kernel: [    5.192692] hub 2-1.2:1.0: USB hub found
Oct 11 05:53:31 vismaily kernel: [    5.194883] hub 2-1.2:1.0: 4 ports detected
Oct 11 05:53:31 vismaily kernel: [    5.269493] usb 2-1.3: new SuperSpeed Plus Gen 2x1 USB device number 5 using xhci_hcd
Oct 11 05:53:31 vismaily kernel: [    5.273594] usb 3-1.3: New USB device found, idVendor=17ef, idProduct=30a9, bcdDevice=30.80
Oct 11 05:53:31 vismaily kernel: [    5.273609] usb 3-1.3: New USB device strings: Mfr=1, Product=2, SerialNumber=3
Oct 11 05:53:31 vismaily kernel: [    5.273617] usb 3-1.3: Product: 40AY
Oct 11 05:53:31 vismaily kernel: [    5.273623] usb 3-1.3: Manufacturer: Lenovo
Oct 11 05:53:31 vismaily kernel: [    5.273629] usb 3-1.3: SerialNumber: 1SSD21B41469ZVQ10BPL
Oct 11 05:53:31 vismaily kernel: [    5.312915] usb 2-1.3: New USB device found, idVendor=17ef, idProduct=30ad, bcdDevice=51.13
Oct 11 05:53:31 vismaily kernel: [    5.312933] usb 2-1.3: New USB device strings: Mfr=1, Product=2, SerialNumber=3
Oct 11 05:53:31 vismaily kernel: [    5.312942] usb 2-1.3: Product: USB3.1 Hub             
Oct 11 05:53:31 vismaily kernel: [    5.312953] usb 2-1.3: Manufacturer: VIA Labs, Inc.         
Oct 11 05:53:31 vismaily kernel: [    5.312957] usb 2-1.3: SerialNumber: 000000001
Oct 11 05:53:31 vismaily kernel: [    5.315183] hub 2-1.3:1.0: USB hub found
Oct 11 05:53:31 vismaily kernel: [    5.315517] hub 2-1.3:1.0: 4 ports detected
Oct 11 05:53:31 vismaily kernel: [    5.342157] Adding 3145724k swap on /dev/nvme0n1p9.  Priority:1 extents:1 across:3145724k SS
Oct 11 05:53:31 vismaily kernel: [    5.374247] EXT4-fs (nvme0n1p8): re-mounted f886bd17-b8aa-4a7f-bc8b-6c2ee5fe86d1 ro. Quota mode: none.
Oct 11 05:53:31 vismaily kernel: [    5.424569] EXT4-fs (nvme0n1p8): re-mounted f886bd17-b8aa-4a7f-bc8b-6c2ee5fe86d1 r/w. Quota mode: none.
Oct 11 05:53:31 vismaily kernel: [    5.433826] EXT4-fs (nvme0n1p7): mounted filesystem 2d4cedde-f526-4936-808c-a8edb0d4228d r/w with ordered data mode. Quota mode: none.
Oct 11 05:53:31 vismaily kernel: [    5.471918] usb 3-1.1.2: new high-speed USB device number 9 using xhci_hcd
Oct 11 05:53:31 vismaily kernel: [    5.632267] usb 3-1.1.2: New USB device found, idVendor=0bda, idProduct=5409, bcdDevice= 1.46
Oct 11 05:53:31 vismaily kernel: [    5.632294] usb 3-1.1.2: New USB device strings: Mfr=1, Product=2, SerialNumber=0
Oct 11 05:53:31 vismaily kernel: [    5.632308] usb 3-1.1.2: Product: USB2.1 Hub
Oct 11 05:53:31 vismaily kernel: [    5.632317] usb 3-1.1.2: Manufacturer: Generic
Oct 11 05:53:31 vismaily kernel: [    5.635471] hub 3-1.1.2:1.0: USB hub found
Oct 11 05:53:31 vismaily kernel: [    5.637522] hub 3-1.1.2:1.0: 5 ports detected
Oct 11 05:53:31 vismaily kernel: [    5.771810] usb 3-1.1.3: new high-speed USB device number 10 using xhci_hcd
Oct 11 05:53:31 vismaily kernel: [    5.916557] usb 3-1.1.3: New USB device found, idVendor=17ef, idProduct=30ae, bcdDevice=51.13
Oct 11 05:53:31 vismaily kernel: [    5.916583] usb 3-1.1.3: New USB device strings: Mfr=1, Product=2, SerialNumber=3
Oct 11 05:53:31 vismaily kernel: [    5.916596] usb 3-1.1.3: Product: USB2.0 Hub             
Oct 11 05:53:31 vismaily kernel: [    5.916605] usb 3-1.1.3: Manufacturer: VIA Labs, Inc.         
Oct 11 05:53:31 vismaily kernel: [    5.916612] usb 3-1.1.3: SerialNumber: 000000001
Oct 11 05:53:31 vismaily kernel: [    5.919270] hub 3-1.1.3:1.0: USB hub found
Oct 11 05:53:31 vismaily kernel: [    5.919720] hub 3-1.1.3:1.0: 4 ports detected
Oct 11 05:53:31 vismaily kernel: [    5.990960] usb 3-1.1.2.5: new high-speed USB device number 11 using xhci_hcd
Oct 11 05:53:31 vismaily kernel: [    6.098510] usb 3-1.1.2.5: New USB device found, idVendor=0bda, idProduct=1100, bcdDevice= 1.01
Oct 11 05:53:31 vismaily kernel: [    6.098538] usb 3-1.1.2.5: New USB device strings: Mfr=1, Product=2, SerialNumber=0
Oct 11 05:53:31 vismaily kernel: [    6.098551] usb 3-1.1.2.5: Product: HID Device
Oct 11 05:53:31 vismaily kernel: [    6.098559] usb 3-1.1.2.5: Manufacturer: Realtek
Oct 11 05:53:31 vismaily kernel: [    6.106458] hid-generic 0003:0BDA:1100.0002: hiddev97,hidraw1: USB HID v1.11 Device [Realtek HID Device] on usb-0000:00:14.0-1.1.2.5/input0
Oct 11 05:53:31 vismaily kernel: [    6.634961] usb 3-1.1.3.1: new full-speed USB device number 12 using xhci_hcd
Oct 11 05:53:31 vismaily kernel: [    6.635800] ip (505) used greatest stack depth: 12344 bytes left
Oct 11 05:53:31 vismaily kernel: [    6.782297] usb 3-1.1.3.1: New USB device found, idVendor=0b0e, idProduct=0300, bcdDevice= 4.03
Oct 11 05:53:31 vismaily kernel: [    6.782325] usb 3-1.1.3.1: New USB device strings: Mfr=1, Product=2, SerialNumber=3
Oct 11 05:53:31 vismaily kernel: [    6.782339] usb 3-1.1.3.1: Product: Jabra EVOLVE 20 MS
Oct 11 05:53:31 vismaily kernel: [    6.782349] usb 3-1.1.3.1: Manufacturer: GN Netcom A/S
Oct 11 05:53:31 vismaily kernel: [    6.782357] usb 3-1.1.3.1: SerialNumber: 0062630672500A
Oct 11 05:53:31 vismaily kernel: [    6.792956] input: GN Netcom A/S Jabra EVOLVE 20 MS as /devices/pci0000:00/0000:00:14.0/usb3/3-1/3-1.1/3-1.1.3/3-1.1.3.1/3-1.1.3.1:1.3/0003:0B0E:0300.0003/input/input7
Oct 11 05:53:31 vismaily kernel: [    6.793479] input: GN Netcom A/S Jabra EVOLVE 20 MS as /devices/pci0000:00/0000:00:14.0/usb3/3-1/3-1.1/3-1.1.3/3-1.1.3.1/3-1.1.3.1:1.3/0003:0B0E:0300.0003/input/input8
Oct 11 05:53:31 vismaily kernel: [    6.845425] input: GN Netcom A/S Jabra EVOLVE 20 MS as /devices/pci0000:00/0000:00:14.0/usb3/3-1/3-1.1/3-1.1.3/3-1.1.3.1/3-1.1.3.1:1.3/0003:0B0E:0300.0003/input/input9
Oct 11 05:53:31 vismaily kernel: [    6.845682] input: GN Netcom A/S Jabra EVOLVE 20 MS Consumer Control as /devices/pci0000:00/0000:00:14.0/usb3/3-1/3-1.1/3-1.1.3/3-1.1.3.1/3-1.1.3.1:1.3/0003:0B0E:0300.0003/input/input10
Oct 11 05:53:31 vismaily kernel: [    6.846479] hid-generic 0003:0B0E:0300.0003: input,hiddev98,hidraw2: USB HID v1.00 Device [GN Netcom A/S Jabra EVOLVE 20 MS] on usb-0000:00:14.0-1.1.3.1/input3
Oct 11 05:53:31 vismaily kernel: [    6.974965] usb 3-1.1.3.3: new full-speed USB device number 13 using xhci_hcd
Oct 11 05:53:31 vismaily kernel: [    7.120585] usb 3-1.1.3.3: New USB device found, idVendor=046d, idProduct=c52b, bcdDevice=12.11
Oct 11 05:53:31 vismaily kernel: [    7.120613] usb 3-1.1.3.3: New USB device strings: Mfr=1, Product=2, SerialNumber=0
Oct 11 05:53:31 vismaily kernel: [    7.120627] usb 3-1.1.3.3: Product: USB Receiver
Oct 11 05:53:31 vismaily kernel: [    7.120635] usb 3-1.1.3.3: Manufacturer: Logitech
Oct 11 05:53:31 vismaily kernel: [    7.134430] input: Logitech USB Receiver as /devices/pci0000:00/0000:00:14.0/usb3/3-1/3-1.1/3-1.1.3/3-1.1.3.3/3-1.1.3.3:1.0/0003:046D:C52B.0004/input/input11
Oct 11 05:53:31 vismaily kernel: [    7.186745] hid-generic 0003:046D:C52B.0004: input,hidraw3: USB HID v1.11 Keyboard [Logitech USB Receiver] on usb-0000:00:14.0-1.1.3.3/input0
Oct 11 05:53:31 vismaily kernel: [    7.190656] input: Logitech USB Receiver Mouse as /devices/pci0000:00/0000:00:14.0/usb3/3-1/3-1.1/3-1.1.3/3-1.1.3.3/3-1.1.3.3:1.1/0003:046D:C52B.0005/input/input12
Oct 11 05:53:31 vismaily kernel: [    7.191091] input: Logitech USB Receiver Consumer Control as /devices/pci0000:00/0000:00:14.0/usb3/3-1/3-1.1/3-1.1.3/3-1.1.3.3/3-1.1.3.3:1.1/0003:046D:C52B.0005/input/input13
Oct 11 05:53:32 vismaily kernel: [    7.243347] input: Logitech USB Receiver System Control as /devices/pci0000:00/0000:00:14.0/usb3/3-1/3-1.1/3-1.1.3/3-1.1.3.3/3-1.1.3.3:1.1/0003:046D:C52B.0005/input/input14
Oct 11 05:53:32 vismaily kernel: [    7.243977] hid-generic 0003:046D:C52B.0005: input,hiddev99,hidraw4: USB HID v1.11 Mouse [Logitech USB Receiver] on usb-0000:00:14.0-1.1.3.3/input1
Oct 11 05:53:32 vismaily kernel: [    7.247173] hid-generic 0003:046D:C52B.0006: hiddev100,hidraw5: USB HID v1.11 Device [Logitech USB Receiver] on usb-0000:00:14.0-1.1.3.3/input2
Oct 11 05:53:32 vismaily kernel: [    7.375963] usb 3-1.1.3.4: new high-speed USB device number 14 using xhci_hcd
Oct 11 05:53:32 vismaily kernel: [    7.520361] usb 3-1.1.3.4: New USB device found, idVendor=05ac, idProduct=12a8, bcdDevice= 8.02
Oct 11 05:53:32 vismaily kernel: [    7.520388] usb 3-1.1.3.4: New USB device strings: Mfr=1, Product=2, SerialNumber=3
Oct 11 05:53:32 vismaily kernel: [    7.520402] usb 3-1.1.3.4: Product: iPhone
Oct 11 05:53:32 vismaily kernel: [    7.520410] usb 3-1.1.3.4: Manufacturer: Apple Inc.
Oct 11 05:53:32 vismaily kernel: [    7.520418] usb 3-1.1.3.4: SerialNumber: db4d2c2b1c7148a8b5894a0844d91d71eb6b41a5
Oct 11 05:53:34 vismaily kernel: [    9.719064] e1000e 0000:00:1f.6 enp0s31f6: NIC Link is Up 1000 Mbps Full Duplex, Flow Control: None
